          category  n_combinations  deployed_expected  met_foldA_deployed  met_xfit_deployed  far_alpha_foldA_deployed  far_alpha_xfit_deployed  frr_foldA_deployed  frr_xfit_deployed  undeployed_expected  met_foldA_undeployed  far_alpha_foldA_undeployed  frr_foldA_undeployed
0     all deployed             147           147.0000            140.2833           144.2000                    0.7573                   0.7447              0.0967             0.0971               0.0000                0.0000                         NaN                   NaN
1  partly deployed              31            15.1924             13.1273            14.3091                    0.7098                   0.6532              0.0107             0.0111              15.8076               11.7701                      0.7861                0.0099
2    none deployed              12             0.0000              0.0000             0.0000                       NaN                      NaN                 NaN                NaN              12.0000                6.3750                      0.9152                0.0838
3              all             190           162.1924            153.4107           158.5091                    0.7529                   0.7361              0.0886             0.0891              27.8076               18.1451                      0.8418                0.0418
        dataset   alpha        quantity   n    n_eff  mean_diff   ci_lo   ci_hi       p  identical
0   face_x_face  0.0001  far_over_alpha  17  17.0000     0.0156 -0.3597  0.3910  0.9307      False
1   face_x_face  0.0001             frr  17  17.0000    -0.0006 -0.0230  0.0217  0.9526      False
2   face_x_face  0.0010  far_over_alpha  19  19.0000    -0.0335 -0.2825  0.2154  0.7803      False
3   face_x_face  0.0010             frr  19  19.0000     0.0021 -0.0117  0.0159  0.7507      False
4   face_x_face  0.0100  far_over_alpha  20  20.0000    -0.0360 -0.2035  0.1315  0.6580      False
5   face_x_face  0.0100             frr  20  20.0000     0.0016 -0.0060  0.0092  0.6599      False
6   fing_x_face  0.0010  far_over_alpha  18  13.7449    -0.0189 -0.2021  0.1643  0.8266      False
7   fing_x_face  0.0010             frr  18  13.7449    -0.0002 -0.0062  0.0058  0.9374      False
8   fing_x_face  0.0100  far_over_alpha  17  14.1984     0.0046 -0.1533  0.1625  0.9510      False
9   fing_x_face  0.0100             frr  17  14.1984     0.0002 -0.0016  0.0020  0.8184      False
10  fing_x_fing  0.0001  far_over_alpha  20  20.0000    -0.0267 -0.1466  0.0932  0.6468      False
11  fing_x_fing  0.0001             frr  20  20.0000     0.0004 -0.0015  0.0024  0.6458      False
12  fing_x_fing  0.0010  far_over_alpha  20  20.0000    -0.0076 -0.1393  0.1241  0.9054      False
13  fing_x_fing  0.0010             frr  20  20.0000     0.0002 -0.0013  0.0016  0.8111      False
14  fing_x_fing  0.0100  far_over_alpha  20  20.0000    -0.0069 -0.0730  0.0592  0.8296      False
15  fing_x_fing  0.0100             frr  20  20.0000     0.0001 -0.0007  0.0009  0.8296      False
16   lfw_x_fing  0.0001  far_over_alpha   7   6.3684    -0.0290 -0.1832  0.1252  0.6541      False
17   lfw_x_fing  0.0001             frr   7   6.3684     0.0001 -0.0009  0.0011  0.7973      False
18   lfw_x_fing  0.0010  far_over_alpha  10   9.1302    -0.0342 -0.1925  0.1241  0.6324      False
19   lfw_x_fing  0.0010             frr  10   9.1302     0.0000  0.0000  0.0000  1.0000       True
20   lfw_x_fing  0.0100  far_over_alpha  10   9.8006    -0.0244 -0.1014  0.0525  0.4898      False
21   lfw_x_fing  0.0100             frr  10   9.8006     0.0000  0.0000  0.0000  1.0000       True
   designs  both_files  feasibility_equal  feasible_foldA  rates_equal  pre_thresholds_compared  pre_thresholds_equal  selected_orders_equal  selected_compared                                                                                                                                                                                          selected_orders_differ
0    19550       19550              19550           15050        15048                    13562                 13562                   1709               1710  fing_x_face s27 0.01 LR-P1-N2: face_C>li_V|face_C>ri_V|face_C>li_V>face_G|face_C>li_V>ri_V|face_C>ri_V>face_G|face_C>ri_V>li_V vs face_C>li_V|face_C>ri_V|face_C>li_V>face_G|face_C>li_V>ri_V|face_C>ri_V>li_V
                   far_ok               far_over_alpha               frr_test               n_deployed                 n_met                
calib                boot  foldA   xfit           boot  foldA   xfit     boot  foldA   xfit       boot foldA    xfit    boot   foldA    xfit
dataset     alpha                                                                                                                           
face_x_face 0.0001  0.700  0.800  0.941          0.853  0.766  0.694    0.278  0.283  0.286       20.0  20.0  17.000  14.000  16.000  16.000
            0.0010  0.850  0.900  0.947          0.880  0.838  0.793    0.166  0.169  0.171       20.0  20.0  19.000  17.000  18.000  18.000
            0.0100  0.850  0.900  1.000          0.909  0.886  0.850    0.075  0.076  0.078       20.0  20.0  20.000  17.000  18.000  20.000
fing_x_face 0.0010  0.798  0.860  0.913          0.731  0.595  0.470    0.011  0.017  0.019       20.0  20.0  11.071  15.958  17.192  10.104
            0.0100  0.798  0.856  0.943          0.833  0.761  0.726    0.006  0.010  0.011       20.0  20.0  12.672  15.965  17.114  11.955
fing_x_fing 0.0001  0.950  1.000  1.000          0.783  0.700  0.673    0.101  0.103  0.103       20.0  20.0  20.000  19.000  20.000  20.000
            0.0010  0.950  1.000  1.000          0.884  0.800  0.792    0.068  0.069  0.070       20.0  20.0  20.000  19.000  20.000  20.000
            0.0100  0.950  0.950  1.000          0.837  0.818  0.811    0.043  0.043  0.043       20.0  20.0  20.000  19.000  19.000  20.000
lfw_x_fing  0.0001  0.900  0.917  1.000          0.804  0.559  0.415    0.004  0.006  0.007       10.0  10.0   5.500   9.000   9.167   5.500
            0.0010  0.813  0.833  1.000          0.912  0.834  0.774    0.002  0.004  0.005       10.0  10.0   7.717   8.133   8.333   7.717
            0.0100  0.913  0.875  1.000          0.921  0.830  0.793    0.002  0.004  0.004       10.0  10.0   9.233   9.133   8.750   9.233
        dataset   alpha   n  foldA_minus_boot  foldA_rel_boot  n_xfit  xfit_minus_foldA  xfit_rel_foldA  met_boot_full  met_foldA_full  met_xfit_full  n_none  met_foldA_none  met_boot_none
0   face_x_face  0.0001  20            0.0051          0.0182      17           -0.0006         -0.0022        13.0000         16.0000           16.0       3          0.0000         1.0000
1   face_x_face  0.0010  20            0.0022          0.0132      19            0.0021          0.0126        16.0000         18.0000           18.0       1          0.0000         1.0000
2   face_x_face  0.0100  20            0.0011          0.0140      20            0.0016          0.0214        17.0000         18.0000           20.0       0          0.0000         0.0000
3   fing_x_face  0.0010  20            0.0054          0.4777       7           -0.0008         -0.0393         4.9583          6.2000            6.2       2          1.3750         2.0000
4   fing_x_face  0.0100  20            0.0042          0.6923       9            0.0000          0.0041         7.7222          9.0000            9.0       3          2.3333         2.9091
5   fing_x_fing  0.0001  20            0.0017          0.0166      20            0.0004          0.0042        19.0000         20.0000           20.0       0          0.0000         0.0000
6   fing_x_fing  0.0010  20            0.0011          0.0157      20            0.0002          0.0024        19.0000         20.0000           20.0       0          0.0000         0.0000
7   fing_x_fing  0.0100  20            0.0004          0.0096      20            0.0001          0.0019        19.0000         19.0000           20.0       0          0.0000         0.0000
8    lfw_x_fing  0.0001  10            0.0022          0.5286       4           -0.0000         -0.0000         4.0000          4.0000            4.0       3          2.6667         3.0000
9    lfw_x_fing  0.0010  10            0.0019          0.7754       4           -0.0000         -0.0000         3.1333          3.3333            4.0       0          0.0000         0.0000
10   lfw_x_fing  0.0100  10            0.0015          0.6472       7           -0.0000         -0.0000         6.3333          6.7500            7.0       0          0.0000         0.0000
calib                            boot  foldA  xfit
dataset     alpha  method                         
face_x_face 0.0001 HYP            NaN   0.00  0.00
                   LR-P1-N2      0.70   0.80  0.80
                   P0-Parallel   0.95   0.95  0.85
                   P1-LLR        0.90   0.95  0.90
                   P2-LogReg     0.95   0.95  0.85
                   S1-Marcialis  0.90   0.90  0.90
                   S2-Symmetric  0.90   0.90  0.90
                   S3-SPRT       0.90   0.92  0.75
                   S4-Direct     0.80   0.85  0.85
            0.0010 HYP            NaN   0.00  0.00
                   LR-P1-N2      0.85   0.90  0.90
                   P0-Parallel   1.00   0.90  0.95
                   P1-LLR        1.00   0.90  0.95
                   P2-LogReg     0.95   0.90  0.95
                   S1-Marcialis  0.90   0.85  0.95
                   S2-Symmetric  0.90   0.85  0.95
                   S3-SPRT       0.95   0.90  0.95
                   S4-Direct     0.90   0.90  0.90
            0.0100 HYP           0.90   0.90  0.90
                   LR-P1-N2      0.85   0.90  1.00
                   P0-Parallel   0.80   0.90  0.95
                   P1-LLR        0.80   0.95  0.95
                   P2-LogReg     0.90   0.95  0.90
                   S1-Marcialis  0.90   0.90  0.90
                   S2-Symmetric  0.80   0.80  0.90
                   S3-SPRT       0.85   0.95  0.95
                   S4-Direct     0.85   0.90  0.95
fing_x_face 0.0010 HYP            NaN   0.10  0.10
                   LR-P1-N2      0.80   0.86  0.51
                   P0-Parallel   0.85   0.85  0.85
                   P1-LLR        0.85   0.90  0.95
                   P2-LogReg     0.85   0.95  0.90
                   S1-Marcialis  0.76   0.89  0.90
                   S2-Symmetric  0.71   0.88  0.89
                   S3-SPRT       0.87   0.82  0.52
                   S4-Direct     0.83   0.80  0.56
            0.0100 HYP           0.82   0.89  0.53
                   LR-P1-N2      0.80   0.86  0.60
                   P0-Parallel   0.70   0.95  0.75
                   P1-LLR        0.80   0.85  0.80
                   P2-LogReg     0.85   0.95  0.80
                   S1-Marcialis  0.83   0.91  0.84
                   S2-Symmetric  0.86   0.91  0.76
                   S3-SPRT       0.83   0.86  0.80
                   S4-Direct     0.86   0.91  0.73
fing_x_fing 0.0001 HYP            NaN   0.00  0.00
                   LR-P1-N2      0.95   1.00  1.00
                   P0-Parallel   0.80   0.95  1.00
                   P1-LLR        0.85   0.90  1.00
                   P2-LogReg     0.80   0.90  1.00
                   S1-Marcialis  1.00   1.00  1.00
                   S2-Symmetric  1.00   1.00  1.00
                   S3-SPRT       0.90   0.85  1.00
                   S4-Direct     0.90   0.90  1.00
            0.0010 HYP            NaN   0.00  0.00
                   LR-P1-N2      0.95   1.00  1.00
                   P0-Parallel   0.80   0.85  0.85
                   P1-LLR        0.80   0.90  0.85
                   P2-LogReg     0.85   0.90  0.85
                   S1-Marcialis  0.95   0.90  1.00
                   S2-Symmetric  0.95   0.90  1.00
                   S3-SPRT       0.80   0.90  0.85
                   S4-Direct     0.85   0.95  1.00
            0.0100 HYP           1.00   0.50  0.50
                   LR-P1-N2      0.95   0.95  1.00
                   P0-Parallel   0.80   0.80  0.80
                   P1-LLR        0.80   0.90  0.80
                   P2-LogReg     0.80   0.85  0.80
                   S1-Marcialis  1.00   0.90  0.95
                   S2-Symmetric  0.90   0.95  0.95
                   S3-SPRT       0.80   0.80  0.80
                   S4-Direct     0.90   1.00  1.00
lfw_x_fing  0.0001 HYP            NaN   0.20  0.20
                   LR-P1-N2      0.90   0.92  0.55
                   P0-Parallel   0.90   1.00  0.90
                   P1-LLR        0.90   0.90  1.00
                   P2-LogReg     0.70   1.00  0.90
                   S1-Marcialis  0.80   0.92  0.90
                   S2-Symmetric  0.80   0.92  0.88
                   S3-SPRT       0.92   0.92  0.97
                   S4-Direct     0.88   0.88  0.73
            0.0010 HYP           0.73   0.60  0.50
                   LR-P1-N2      0.81   0.83  0.77
                   P0-Parallel   0.70   0.90  0.70
                   P1-LLR        0.80   0.90  1.00
                   P2-LogReg     0.60   0.80  0.90
                   S1-Marcialis  0.70   0.84  0.90
                   S2-Symmetric  0.70   0.84  0.88
                   S3-SPRT       0.75   0.80  1.00
                   S4-Direct     0.86   0.92  0.95
            0.0100 HYP           0.98   1.00  1.00
                   LR-P1-N2      0.91   0.88  0.92
                   P0-Parallel   0.80   0.90  0.80
                   P1-LLR        0.80   0.90  0.80
                   P2-LogReg     0.70   0.80  0.90
                   S1-Marcialis  0.70   0.81  0.94
                   S2-Symmetric  0.70   0.83  0.95
                   S3-SPRT       0.70   0.85  1.00
                   S4-Direct     0.88   0.94  0.95
