dataset      calib
face_x_face  boot     20
             xfit     20
fing_x_face  boot     20
             xfit     20
fing_x_fing  boot     20
             xfit     20
lfw_x_fing   boot     10
             xfit     10
method                 HYP  LR-P1-N2  P0-Parallel  P1-LLR  P2-LogReg  S1-Marcialis  S2-Symmetric  S3-SPRT  S4-Direct
dataset     alpha                                                                                                   
face_x_face 0.0001     NaN    0.2780       0.2485  0.2452     0.2512        0.2965        0.2965   0.2432     0.2603
            0.0010     NaN    0.1664       0.1546  0.1468     0.1570        0.1881        0.1881   0.1444     0.1638
            0.0100  0.0818    0.0749       0.0848  0.0720     0.0834        0.0951        0.0811   0.0706     0.0769
fing_x_face 0.0010     NaN    0.0113       0.0207  0.0023     0.0085        0.0159        0.0157   0.0071     0.0116
            0.0100  0.0368    0.0060       0.0062  0.0000     0.0027        0.0092        0.0087   0.0048     0.0088
fing_x_fing 0.0001     NaN    0.1010       0.0894  0.0897     0.0896        0.1226        0.1226   0.0881     0.0991
            0.0010     NaN    0.0683       0.0618  0.0621     0.0617        0.0951        0.0951   0.0620     0.0691
            0.0100  0.0775    0.0426       0.0387  0.0391     0.0386        0.0666        0.0423   0.0392     0.0437
lfw_x_fing  0.0001     NaN    0.0042       0.0388  0.0007     0.0011        0.0037        0.0037   0.0011     0.0045
            0.0010  0.0074    0.0024       0.0171  0.0007     0.0008        0.0012        0.0012   0.0011     0.0020
            0.0100  0.0040    0.0023       0.0055  0.0007     0.0007        0.0012        0.0011   0.0010     0.0015
method                 HYP  LR-P1-N2  P0-Parallel  P1-LLR  P2-LogReg  S1-Marcialis  S2-Symmetric  S3-SPRT  S4-Direct
dataset     alpha                                                                                                   
face_x_face 0.0001     NaN    0.2864       0.2541  0.2494     0.2596        0.2981        0.2981   0.2514     0.2721
            0.0010     NaN    0.1711       0.1592  0.1499     0.1616        0.1881        0.1858   0.1490     0.1696
            0.0100  0.0827    0.0776       0.0857  0.0733     0.0848        0.0953        0.0848   0.0725     0.0801
fing_x_face 0.0010  0.1689    0.0186       0.0208  0.0044     0.0087        0.0198        0.0189   0.0162     0.0159
            0.0100  0.0510    0.0112       0.0037  0.0002     0.0031        0.0129        0.0121   0.0098     0.0111
fing_x_fing 0.0001     NaN    0.1031       0.0903  0.0906     0.0902        0.1213        0.1213   0.0908     0.1033
            0.0010     NaN    0.0695       0.0620  0.0625     0.0621        0.0934        0.0934   0.0624     0.0708
            0.0100  0.0737    0.0431       0.0388  0.0391     0.0389        0.0652        0.0446   0.0398     0.0433
lfw_x_fing  0.0001  0.0187    0.0069       0.0431  0.0012     0.0024        0.0064        0.0063   0.0034     0.0071
            0.0010  0.0076    0.0049       0.0181  0.0007     0.0007        0.0033        0.0032   0.0018     0.0030
            0.0100  0.0049    0.0039       0.0060  0.0007     0.0007        0.0031        0.0033   0.0017     0.0028
        dataset  alpha calib     split_set   n  n_deployed   n_met  far_test  frr_test  far_ok  far_over_alpha                                                       source
0   face_x_face  0.000  boot         fresh  20      20.000  14.000     0.000     0.278   0.700           0.853  T_rev_selected.csv + results/E3fresh/fresh_*.csv (70 files)
1   face_x_face  0.000  boot  original 0-9  10      10.000   5.000     0.000     0.278   0.500           0.901  T_rev_selected.csv + results/E3fresh/fresh_*.csv (70 files)
2   face_x_face  0.000  xfit         fresh  20      17.000  16.000     0.000     0.286   0.941           0.694  T_rev_selected.csv + results/E3fresh/fresh_*.csv (70 files)
3   face_x_face  0.001  boot         fresh  20      20.000  17.000     0.001     0.166   0.850           0.880  T_rev_selected.csv + results/E3fresh/fresh_*.csv (70 files)
4   face_x_face  0.001  boot  original 0-9  10      10.000   6.000     0.001     0.165   0.600           0.960  T_rev_selected.csv + results/E3fresh/fresh_*.csv (70 files)
5   face_x_face  0.001  xfit         fresh  20      19.000  18.000     0.001     0.171   0.947           0.793  T_rev_selected.csv + results/E3fresh/fresh_*.csv (70 files)
6   face_x_face  0.010  boot         fresh  20      20.000  17.000     0.009     0.075   0.850           0.909  T_rev_selected.csv + results/E3fresh/fresh_*.csv (70 files)
7   face_x_face  0.010  boot  original 0-9  10      10.000   7.000     0.010     0.075   0.700           0.960  T_rev_selected.csv + results/E3fresh/fresh_*.csv (70 files)
8   face_x_face  0.010  xfit         fresh  20      20.000  20.000     0.009     0.078   1.000           0.850  T_rev_selected.csv + results/E3fresh/fresh_*.csv (70 files)
9   fing_x_face  0.001  boot         fresh  20      20.000  15.958     0.001     0.011   0.798           0.731  T_rev_selected.csv + results/E3fresh/fresh_*.csv (70 files)
10  fing_x_face  0.001  boot  original 0-9  10      10.000   8.667     0.001     0.012   0.867           0.778  T_rev_selected.csv + results/E3fresh/fresh_*.csv (70 files)
11  fing_x_face  0.001  xfit         fresh  20      11.071  10.104     0.000     0.019   0.913           0.470  T_rev_selected.csv + results/E3fresh/fresh_*.csv (70 files)
12  fing_x_face  0.010  boot         fresh  20      20.000  15.965     0.008     0.006   0.798           0.833  T_rev_selected.csv + results/E3fresh/fresh_*.csv (70 files)
13  fing_x_face  0.010  boot  original 0-9  10      10.000   9.900     0.008     0.006   0.990           0.751  T_rev_selected.csv + results/E3fresh/fresh_*.csv (70 files)
14  fing_x_face  0.010  xfit         fresh  20      12.672  11.955     0.007     0.011   0.943           0.726  T_rev_selected.csv + results/E3fresh/fresh_*.csv (70 files)
15  fing_x_fing  0.000  boot         fresh  20      20.000  19.000     0.000     0.101   0.950           0.783  T_rev_selected.csv + results/E3fresh/fresh_*.csv (70 files)
16  fing_x_fing  0.000  boot  original 0-9  10      10.000  10.000     0.000     0.103   1.000           0.748  T_rev_selected.csv + results/E3fresh/fresh_*.csv (70 files)
17  fing_x_fing  0.000  xfit         fresh  20      20.000  20.000     0.000     0.103   1.000           0.673  T_rev_selected.csv + results/E3fresh/fresh_*.csv (70 files)
18  fing_x_fing  0.001  boot         fresh  20      20.000  19.000     0.001     0.068   0.950           0.884  T_rev_selected.csv + results/E3fresh/fresh_*.csv (70 files)
19  fing_x_fing  0.001  boot  original 0-9  10      10.000  10.000     0.001     0.069   1.000           0.801  T_rev_selected.csv + results/E3fresh/fresh_*.csv (70 files)
20  fing_x_fing  0.001  xfit         fresh  20      20.000  20.000     0.001     0.070   1.000           0.792  T_rev_selected.csv + results/E3fresh/fresh_*.csv (70 files)
21  fing_x_fing  0.010  boot         fresh  20      20.000  19.000     0.008     0.043   0.950           0.837  T_rev_selected.csv + results/E3fresh/fresh_*.csv (70 files)
22  fing_x_fing  0.010  boot  original 0-9  10      10.000  10.000     0.007     0.044   1.000           0.740  T_rev_selected.csv + results/E3fresh/fresh_*.csv (70 files)
23  fing_x_fing  0.010  xfit         fresh  20      20.000  20.000     0.008     0.043   1.000           0.811  T_rev_selected.csv + results/E3fresh/fresh_*.csv (70 files)
24   lfw_x_fing  0.000  boot        D4 0-9  10      10.000   9.000     0.000     0.004   0.900           0.804  T_rev_selected.csv + results/E3fresh/fresh_*.csv (70 files)
25   lfw_x_fing  0.000  xfit        D4 0-9  10       5.500   5.500     0.000     0.007   1.000           0.415  T_rev_selected.csv + results/E3fresh/fresh_*.csv (70 files)
26   lfw_x_fing  0.001  boot        D4 0-9  10      10.000   8.133     0.001     0.002   0.813           0.912  T_rev_selected.csv + results/E3fresh/fresh_*.csv (70 files)
27   lfw_x_fing  0.001  xfit        D4 0-9  10       7.717   7.717     0.001     0.005   1.000           0.774  T_rev_selected.csv + results/E3fresh/fresh_*.csv (70 files)
28   lfw_x_fing  0.010  boot        D4 0-9  10      10.000   9.133     0.009     0.002   0.913           0.921  T_rev_selected.csv + results/E3fresh/fresh_*.csv (70 files)
29   lfw_x_fing  0.010  xfit        D4 0-9  10       9.233   9.233     0.008     0.004   1.000           0.793  T_rev_selected.csv + results/E3fresh/fresh_*.csv (70 files)
         dataset   alpha calib        method   n  mean_diff   ci_lo   ci_hi  p_holm  n_better  n_worse
0    face_x_face  0.0001  boot           HYP   0        NaN     NaN     NaN     NaN       NaN      NaN
1    face_x_face  0.0001  boot  S1-Marcialis  20    -0.0185 -0.0354 -0.0016  0.0670      20.0      0.0
2    face_x_face  0.0001  boot  S2-Symmetric  20    -0.0185 -0.0354 -0.0016  0.0670      20.0      0.0
3    face_x_face  0.0001  boot     S4-Direct  20     0.0177  0.0040  0.0313  0.0414       0.0     20.0
4    face_x_face  0.0001  boot       S3-SPRT  20     0.0348  0.0228  0.0468  0.0001       0.0     20.0
5    face_x_face  0.0001  boot   P0-Parallel  20     0.0295  0.0144  0.0446  0.0031       0.0     20.0
6    face_x_face  0.0001  boot        P1-LLR  20     0.0328  0.0185  0.0471  0.0007       0.0     20.0
7    face_x_face  0.0001  boot     P2-LogReg  20     0.0268  0.0094  0.0441  0.0179       0.0     20.0
8    face_x_face  0.0001  xfit           HYP   0        NaN     NaN     NaN     NaN       NaN      NaN
9    face_x_face  0.0001  xfit  S1-Marcialis  17    -0.0093 -0.0370  0.0184  0.9747      15.0      2.0
10   face_x_face  0.0001  xfit  S2-Symmetric  17    -0.0093 -0.0370  0.0184  0.9747      15.0      2.0
11   face_x_face  0.0001  xfit     S4-Direct  17     0.0150 -0.0045  0.0346  0.3674       0.0     17.0
12   face_x_face  0.0001  xfit       S3-SPRT  17     0.0369  0.0136  0.0602  0.0241       0.0     17.0
13   face_x_face  0.0001  xfit   P0-Parallel  17     0.0337  0.0100  0.0574  0.0411       0.0     17.0
14   face_x_face  0.0001  xfit        P1-LLR  17     0.0383  0.0221  0.0545  0.0009       0.0     17.0
15   face_x_face  0.0001  xfit     P2-LogReg  17     0.0293 -0.0007  0.0593  0.2186       0.0     17.0
16   face_x_face  0.0010  boot           HYP   0        NaN     NaN     NaN     NaN       NaN      NaN
17   face_x_face  0.0010  boot  S1-Marcialis  20    -0.0218 -0.0312 -0.0123  0.0008      20.0      0.0
18   face_x_face  0.0010  boot  S2-Symmetric  20    -0.0218 -0.0312 -0.0123  0.0008      20.0      0.0
19   face_x_face  0.0010  boot     S4-Direct  20     0.0025 -0.0075  0.0125  0.6024       6.0     14.0
20   face_x_face  0.0010  boot       S3-SPRT  20     0.0220  0.0125  0.0315  0.0008       0.0     20.0
21   face_x_face  0.0010  boot   P0-Parallel  20     0.0117  0.0009  0.0226  0.1065       0.0     20.0
22   face_x_face  0.0010  boot        P1-LLR  20     0.0196  0.0095  0.0297  0.0026       0.0     20.0
23   face_x_face  0.0010  boot     P2-LogReg  20     0.0094 -0.0029  0.0216  0.2522       0.0     20.0
24   face_x_face  0.0010  xfit           HYP   0        NaN     NaN     NaN     NaN       NaN      NaN
25   face_x_face  0.0010  xfit  S1-Marcialis  19    -0.0161 -0.0349  0.0027  0.4449      18.0      1.0
26   face_x_face  0.0010  xfit  S2-Symmetric  19    -0.0137 -0.0345  0.0071  0.6097      17.0      2.0
27   face_x_face  0.0010  xfit     S4-Direct  19     0.0016 -0.0118  0.0149  0.8066       6.0     13.0
28   face_x_face  0.0010  xfit       S3-SPRT  19     0.0229  0.0112  0.0345  0.0044       0.0     19.0
29   face_x_face  0.0010  xfit   P0-Parallel  19     0.0127 -0.0051  0.0305  0.6097       0.0     19.0
30   face_x_face  0.0010  xfit        P1-LLR  19     0.0219  0.0083  0.0355  0.0199       0.0     19.0
31   face_x_face  0.0010  xfit     P2-LogReg  19     0.0104 -0.0087  0.0295  0.6097       0.0     19.0
32   face_x_face  0.0100  boot           HYP  20    -0.0069 -0.0121 -0.0017  0.0612      20.0      0.0
33   face_x_face  0.0100  boot  S1-Marcialis  20    -0.0201 -0.0284 -0.0119  0.0005      20.0      0.0
34   face_x_face  0.0100  boot  S2-Symmetric  20    -0.0062 -0.0183  0.0060  0.4756      19.0      1.0
35   face_x_face  0.0100  boot     S4-Direct  20    -0.0020 -0.0051  0.0011  0.4756      18.0      1.0
36   face_x_face  0.0100  boot       S3-SPRT  20     0.0044  0.0005  0.0082  0.1123       0.0     20.0
37   face_x_face  0.0100  boot   P0-Parallel  20    -0.0099 -0.0162 -0.0036  0.0273      20.0      0.0
38   face_x_face  0.0100  boot        P1-LLR  20     0.0030 -0.0013  0.0072  0.4756       2.0     18.0
39   face_x_face  0.0100  boot     P2-LogReg  20    -0.0085 -0.0147 -0.0023  0.0612      20.0      0.0
40   face_x_face  0.0100  xfit           HYP  19    -0.0058 -0.0143  0.0026  0.8061      18.0      1.0
41   face_x_face  0.0100  xfit  S1-Marcialis  20    -0.0177 -0.0275 -0.0080  0.0095      20.0      0.0
42   face_x_face  0.0100  xfit  S2-Symmetric  19    -0.0079 -0.0256  0.0098  0.8061      17.0      1.0
43   face_x_face  0.0100  xfit     S4-Direct  19    -0.0032 -0.0129  0.0064  0.8061      15.0      3.0
44   face_x_face  0.0100  xfit       S3-SPRT  20     0.0052 -0.0022  0.0125  0.8061       1.0     19.0
45   face_x_face  0.0100  xfit   P0-Parallel  20    -0.0081 -0.0158 -0.0004  0.2753      20.0      0.0
46   face_x_face  0.0100  xfit        P1-LLR  20     0.0043 -0.0019  0.0105  0.8061       1.0     19.0
47   face_x_face  0.0100  xfit     P2-LogReg  20    -0.0072 -0.0165  0.0020  0.7020      20.0      0.0
48   fing_x_face  0.0010  boot           HYP   0        NaN     NaN     NaN     NaN       NaN      NaN
49   fing_x_face  0.0010  boot  S1-Marcialis  20    -0.0046 -0.0184  0.0091  1.0000      18.0      2.0
50   fing_x_face  0.0010  boot  S2-Symmetric  20    -0.0045 -0.0191  0.0102  1.0000      16.0      4.0
51   fing_x_face  0.0010  boot     S4-Direct  20    -0.0004 -0.0116  0.0109  1.0000      12.0      8.0
52   fing_x_face  0.0010  boot       S3-SPRT  20     0.0041 -0.0097  0.0179  1.0000       4.0     15.0
53   fing_x_face  0.0010  boot   P0-Parallel  20    -0.0094 -0.0306  0.0118  1.0000      16.0      2.0
54   fing_x_face  0.0010  boot        P1-LLR  20     0.0089  0.0001  0.0177  0.3286       0.0     20.0
55   fing_x_face  0.0010  boot     P2-LogReg  20     0.0028 -0.0094  0.0150  1.0000       4.0     14.0
56   fing_x_face  0.0010  xfit           HYP   1        NaN     NaN     NaN     NaN       NaN      NaN
57   fing_x_face  0.0010  xfit  S1-Marcialis  18    -0.0018 -0.0311  0.0274  1.0000      11.0      7.0
58   fing_x_face  0.0010  xfit  S2-Symmetric  18    -0.0015 -0.0295  0.0265  1.0000      11.0      7.0
59   fing_x_face  0.0010  xfit     S4-Direct  15     0.0038 -0.0257  0.0333  1.0000       6.0      9.0
60   fing_x_face  0.0010  xfit       S3-SPRT  17     0.0048 -0.0214  0.0309  1.0000       6.0     11.0
61   fing_x_face  0.0010  xfit   P0-Parallel  18    -0.0028 -0.0319  0.0264  1.0000      12.0      5.0
62   fing_x_face  0.0010  xfit        P1-LLR  18     0.0153 -0.0094  0.0400  1.0000       0.0     17.0
63   fing_x_face  0.0010  xfit     P2-LogReg  18     0.0109 -0.0172  0.0390  1.0000       2.0     16.0
64   fing_x_face  0.0100  boot           HYP  20    -0.0308 -0.0612 -0.0003  0.3854      20.0      0.0
65   fing_x_face  0.0100  boot  S1-Marcialis  20    -0.0032 -0.0135  0.0072  1.0000      16.0      4.0
66   fing_x_face  0.0100  boot  S2-Symmetric  20    -0.0027 -0.0124  0.0070  1.0000      15.0      4.0
67   fing_x_face  0.0100  boot     S4-Direct  20    -0.0028 -0.0155  0.0100  1.0000      17.0      3.0
68   fing_x_face  0.0100  boot       S3-SPRT  20     0.0012 -0.0115  0.0139  1.0000       7.0     13.0
69   fing_x_face  0.0100  boot   P0-Parallel  20    -0.0002 -0.0226  0.0223  1.0000       7.0     13.0
70   fing_x_face  0.0100  boot        P1-LLR  20     0.0060 -0.0031  0.0152  1.0000       0.0     18.0
71   fing_x_face  0.0100  boot     P2-LogReg  20     0.0033 -0.0068  0.0134  1.0000       3.0     14.0
72   fing_x_face  0.0100  xfit           HYP  11    -0.0398 -0.0845  0.0049  0.5964      11.0      0.0
73   fing_x_face  0.0100  xfit  S1-Marcialis  17     0.0000 -0.0230  0.0231  1.0000      12.0      5.0
74   fing_x_face  0.0100  xfit  S2-Symmetric  17     0.0006 -0.0227  0.0239  1.0000      11.0      6.0
75   fing_x_face  0.0100  xfit     S4-Direct  17     0.0007 -0.0235  0.0249  1.0000      10.0      7.0
76   fing_x_face  0.0100  xfit       S3-SPRT  17     0.0022 -0.0200  0.0244  1.0000       7.0     10.0
77   fing_x_face  0.0100  xfit   P0-Parallel  17     0.0081 -0.0232  0.0394  1.0000       2.0     14.0
78   fing_x_face  0.0100  xfit        P1-LLR  17     0.0109 -0.0132  0.0351  1.0000       0.0     16.0
79   fing_x_face  0.0100  xfit     P2-LogReg  17     0.0081 -0.0175  0.0338  1.0000       1.0     13.0
80   fing_x_fing  0.0001  boot           HYP   0        NaN     NaN     NaN     NaN       NaN      NaN
81   fing_x_fing  0.0001  boot  S1-Marcialis  20    -0.0216 -0.0301 -0.0131  0.0002      20.0      0.0
82   fing_x_fing  0.0001  boot  S2-Symmetric  20    -0.0216 -0.0301 -0.0131  0.0002      20.0      0.0
83   fing_x_fing  0.0001  boot     S4-Direct  20     0.0019 -0.0020  0.0059  0.3118       3.0     17.0
84   fing_x_fing  0.0001  boot       S3-SPRT  20     0.0129  0.0087  0.0171  0.0000       0.0     20.0
85   fing_x_fing  0.0001  boot   P0-Parallel  20     0.0116  0.0070  0.0163  0.0002       0.0     20.0
86   fing_x_fing  0.0001  boot        P1-LLR  20     0.0113  0.0064  0.0161  0.0003       0.0     20.0
87   fing_x_fing  0.0001  boot     P2-LogReg  20     0.0114  0.0063  0.0165  0.0003       0.0     20.0
88   fing_x_fing  0.0001  xfit           HYP   0        NaN     NaN     NaN     NaN       NaN      NaN
89   fing_x_fing  0.0001  xfit  S1-Marcialis  20    -0.0182 -0.0273 -0.0091  0.0023      20.0      0.0
90   fing_x_fing  0.0001  xfit  S2-Symmetric  20    -0.0182 -0.0273 -0.0091  0.0023      20.0      0.0
91   fing_x_fing  0.0001  xfit     S4-Direct  20    -0.0002 -0.0084  0.0081  0.9701      10.0     10.0
92   fing_x_fing  0.0001  xfit       S3-SPRT  20     0.0123  0.0050  0.0196  0.0046       0.0     20.0
93   fing_x_fing  0.0001  xfit   P0-Parallel  20     0.0128  0.0065  0.0192  0.0023       0.0     20.0
94   fing_x_fing  0.0001  xfit        P1-LLR  20     0.0125  0.0066  0.0185  0.0018       0.0     20.0
95   fing_x_fing  0.0001  xfit     P2-LogReg  20     0.0129  0.0071  0.0187  0.0012       0.0     20.0
96   fing_x_fing  0.0010  boot           HYP   0        NaN     NaN     NaN     NaN       NaN      NaN
97   fing_x_fing  0.0010  boot  S1-Marcialis  20    -0.0269 -0.0322 -0.0215  0.0000      20.0      0.0
98   fing_x_fing  0.0010  boot  S2-Symmetric  20    -0.0269 -0.0322 -0.0215  0.0000      20.0      0.0
99   fing_x_fing  0.0010  boot     S4-Direct  20    -0.0009 -0.0033  0.0015  0.4597      14.0      3.0
100  fing_x_fing  0.0010  boot       S3-SPRT  20     0.0062  0.0026  0.0099  0.0081       0.0     20.0
101  fing_x_fing  0.0010  boot   P0-Parallel  20     0.0065  0.0027  0.0103  0.0081       0.0     20.0
102  fing_x_fing  0.0010  boot        P1-LLR  20     0.0062  0.0021  0.0102  0.0093       0.0     20.0
103  fing_x_fing  0.0010  boot     P2-LogReg  20     0.0066  0.0028  0.0103  0.0081       0.0     20.0
104  fing_x_fing  0.0010  xfit           HYP   0        NaN     NaN     NaN     NaN       NaN      NaN
105  fing_x_fing  0.0010  xfit  S1-Marcialis  20    -0.0239 -0.0305 -0.0172  0.0000      20.0      0.0
106  fing_x_fing  0.0010  xfit  S2-Symmetric  20    -0.0239 -0.0305 -0.0172  0.0000      20.0      0.0
107  fing_x_fing  0.0010  xfit     S4-Direct  20    -0.0013 -0.0059  0.0033  0.5707      11.0      8.0
108  fing_x_fing  0.0010  xfit       S3-SPRT  20     0.0071  0.0037  0.0105  0.0009       0.0     20.0
109  fing_x_fing  0.0010  xfit   P0-Parallel  20     0.0076  0.0045  0.0106  0.0002       0.0     20.0
110  fing_x_fing  0.0010  xfit        P1-LLR  20     0.0070  0.0034  0.0106  0.0013       0.0     20.0
111  fing_x_fing  0.0010  xfit     P2-LogReg  20     0.0074  0.0041  0.0107  0.0006       0.0     20.0
112  fing_x_fing  0.0100  boot           HYP  10    -0.0339 -0.0462 -0.0217  0.0010      10.0      0.0
113  fing_x_fing  0.0100  boot  S1-Marcialis  20    -0.0240 -0.0297 -0.0182  0.0000      20.0      0.0
114  fing_x_fing  0.0100  boot  S2-Symmetric  20     0.0003 -0.0019  0.0026  0.7622       6.0     12.0
115  fing_x_fing  0.0100  boot     S4-Direct  20    -0.0011 -0.0036  0.0014  0.7195      18.0      2.0
116  fing_x_fing  0.0100  boot       S3-SPRT  20     0.0034  0.0001  0.0067  0.1387       1.0     19.0
117  fing_x_fing  0.0100  boot   P0-Parallel  20     0.0039  0.0009  0.0069  0.0708       0.0     20.0
118  fing_x_fing  0.0100  boot        P1-LLR  20     0.0035  0.0003  0.0068  0.1387       1.0     19.0
119  fing_x_fing  0.0100  boot     P2-LogReg  20     0.0040  0.0010  0.0070  0.0708       0.0     20.0
120  fing_x_fing  0.0100  xfit           HYP  10    -0.0301 -0.0432 -0.0170  0.0039      10.0      0.0
121  fing_x_fing  0.0100  xfit  S1-Marcialis  20    -0.0221 -0.0269 -0.0174  0.0000      20.0      0.0
122  fing_x_fing  0.0100  xfit  S2-Symmetric  20    -0.0015 -0.0150  0.0120  1.0000       8.0     10.0
123  fing_x_fing  0.0100  xfit     S4-Direct  20    -0.0002 -0.0040  0.0036  1.0000       7.0     11.0
124  fing_x_fing  0.0100  xfit       S3-SPRT  20     0.0032 -0.0009  0.0074  0.3511       1.0     19.0
125  fing_x_fing  0.0100  xfit   P0-Parallel  20     0.0043  0.0011  0.0075  0.0682       0.0     20.0
126  fing_x_fing  0.0100  xfit        P1-LLR  20     0.0040  0.0009  0.0071  0.0682       0.0     20.0
127  fing_x_fing  0.0100  xfit     P2-LogReg  20     0.0042  0.0010  0.0074  0.0682       0.0     20.0
128   lfw_x_fing  0.0001  boot           HYP   0        NaN     NaN     NaN     NaN       NaN      NaN
129   lfw_x_fing  0.0001  boot  S1-Marcialis  10     0.0005 -0.0045  0.0055  1.0000       4.0      4.0
130   lfw_x_fing  0.0001  boot  S2-Symmetric  10     0.0005 -0.0045  0.0055  1.0000       4.0      4.0
131   lfw_x_fing  0.0001  boot     S4-Direct  10    -0.0003 -0.0050  0.0043  1.0000       5.0      3.0
132   lfw_x_fing  0.0001  boot       S3-SPRT  10     0.0030 -0.0025  0.0086  1.0000       0.0     10.0
133   lfw_x_fing  0.0001  boot   P0-Parallel  10    -0.0346 -0.0439 -0.0254  0.0001      10.0      0.0
134   lfw_x_fing  0.0001  boot        P1-LLR  10     0.0035 -0.0022  0.0091  1.0000       0.0     10.0
135   lfw_x_fing  0.0001  boot     P2-LogReg  10     0.0031 -0.0030  0.0092  1.0000       0.0     10.0
136   lfw_x_fing  0.0001  xfit           HYP   2        NaN     NaN     NaN     NaN       NaN      NaN
137   lfw_x_fing  0.0001  xfit  S1-Marcialis   7     0.0002 -0.0093  0.0097  1.0000       2.0      4.0
138   lfw_x_fing  0.0001  xfit  S2-Symmetric   7     0.0001 -0.0094  0.0097  1.0000       2.0      4.0
139   lfw_x_fing  0.0001  xfit     S4-Direct   7    -0.0004 -0.0109  0.0101  1.0000       4.0      3.0
140   lfw_x_fing  0.0001  xfit       S3-SPRT   7     0.0049 -0.0088  0.0186  1.0000       0.0      7.0
141   lfw_x_fing  0.0001  xfit   P0-Parallel   7    -0.0346 -0.0468 -0.0224  0.0043       7.0      0.0
142   lfw_x_fing  0.0001  xfit        P1-LLR   7     0.0058 -0.0079  0.0196  1.0000       0.0      7.0
143   lfw_x_fing  0.0001  xfit     P2-LogReg   7     0.0045 -0.0126  0.0217  1.0000       1.0      6.0
144   lfw_x_fing  0.0010  boot           HYP  10    -0.0050 -0.0110  0.0010  0.6302      10.0      0.0
145   lfw_x_fing  0.0010  boot  S1-Marcialis  10     0.0013 -0.0026  0.0051  1.0000       1.0      6.0
146   lfw_x_fing  0.0010  boot  S2-Symmetric  10     0.0013 -0.0026  0.0051  1.0000       1.0      6.0
147   lfw_x_fing  0.0010  boot     S4-Direct  10     0.0004 -0.0023  0.0031  1.0000       4.0      6.0
148   lfw_x_fing  0.0010  boot       S3-SPRT  10     0.0014 -0.0012  0.0039  1.0000       0.0      8.0
149   lfw_x_fing  0.0010  boot   P0-Parallel  10    -0.0147 -0.0233 -0.0062  0.0288      10.0      0.0
150   lfw_x_fing  0.0010  boot        P1-LLR  10     0.0017 -0.0013  0.0046  1.0000       0.0      8.0
151   lfw_x_fing  0.0010  boot     P2-LogReg  10     0.0016 -0.0014  0.0046  1.0000       0.0      8.0
152   lfw_x_fing  0.0010  xfit           HYP   5    -0.0001 -0.0092  0.0090  1.0000       2.0      3.0
153   lfw_x_fing  0.0010  xfit  S1-Marcialis  10     0.0014 -0.0058  0.0086  1.0000       2.0      7.0
154   lfw_x_fing  0.0010  xfit  S2-Symmetric  10     0.0015 -0.0059  0.0090  1.0000       2.0      7.0
155   lfw_x_fing  0.0010  xfit     S4-Direct  10     0.0018 -0.0071  0.0108  1.0000       4.0      6.0
156   lfw_x_fing  0.0010  xfit       S3-SPRT  10     0.0037 -0.0077  0.0150  1.0000       1.0      8.0
157   lfw_x_fing  0.0010  xfit   P0-Parallel  10    -0.0132 -0.0261 -0.0002  0.3736      10.0      0.0
158   lfw_x_fing  0.0010  xfit        P1-LLR  10     0.0042 -0.0056  0.0140  1.0000       0.0      8.0
159   lfw_x_fing  0.0010  xfit     P2-LogReg  10     0.0042 -0.0056  0.0140  1.0000       0.0      8.0
160   lfw_x_fing  0.0100  boot           HYP  10    -0.0017 -0.0062  0.0028  1.0000       8.0      2.0
161   lfw_x_fing  0.0100  boot  S1-Marcialis  10     0.0011 -0.0029  0.0052  1.0000       2.0      6.0
162   lfw_x_fing  0.0100  boot  S2-Symmetric  10     0.0012 -0.0028  0.0051  1.0000       2.0      6.0
163   lfw_x_fing  0.0100  boot     S4-Direct  10     0.0008 -0.0022  0.0039  1.0000       3.0      5.0
164   lfw_x_fing  0.0100  boot       S3-SPRT  10     0.0013 -0.0017  0.0042  1.0000       0.0      7.0
165   lfw_x_fing  0.0100  boot   P0-Parallel  10    -0.0032 -0.0081  0.0017  1.0000       9.0      0.0
166   lfw_x_fing  0.0100  boot        P1-LLR  10     0.0016 -0.0015  0.0047  1.0000       0.0      7.0
167   lfw_x_fing  0.0100  boot     P2-LogReg  10     0.0016 -0.0015  0.0047  1.0000       0.0      7.0
168   lfw_x_fing  0.0100  xfit           HYP  10    -0.0010 -0.0057  0.0036  1.0000       7.0      2.0
169   lfw_x_fing  0.0100  xfit  S1-Marcialis  10     0.0009 -0.0052  0.0070  1.0000       4.0      6.0
170   lfw_x_fing  0.0100  xfit  S2-Symmetric  10     0.0006 -0.0051  0.0064  1.0000       4.0      6.0
171   lfw_x_fing  0.0100  xfit     S4-Direct  10     0.0012 -0.0064  0.0088  1.0000       2.0      7.0
172   lfw_x_fing  0.0100  xfit       S3-SPRT  10     0.0021 -0.0100  0.0143  1.0000       2.0      7.0
173   lfw_x_fing  0.0100  xfit   P0-Parallel  10    -0.0020 -0.0112  0.0072  1.0000       8.0      1.0
174   lfw_x_fing  0.0100  xfit        P1-LLR  10     0.0032 -0.0051  0.0116  1.0000       0.0      7.0
175   lfw_x_fing  0.0100  xfit     P2-LogReg  10     0.0032 -0.0051  0.0116  1.0000       0.0      7.0
