        dataset     split_set calib   alpha   n  frr_test  far_ok  far_test  n_all  far_over_alpha                               source
0   face_x_face         fresh  boot  0.0001  20    0.2456    0.95    0.0001     20          0.7945  results/E3mlp/mlp_*.csv (100 files)
1   face_x_face         fresh  boot  0.0010  20    0.1466    0.95    0.0008     20          0.8429  results/E3mlp/mlp_*.csv (100 files)
2   face_x_face         fresh  boot  0.0100  20    0.0696    0.85    0.0090     20          0.8971  results/E3mlp/mlp_*.csv (100 files)
3   face_x_face         fresh  xfit  0.0001  20    0.2644    0.85    0.0001     20          0.7150  results/E3mlp/mlp_*.csv (100 files)
4   face_x_face         fresh  xfit  0.0010  20    0.1589    0.90    0.0008     20          0.7735  results/E3mlp/mlp_*.csv (100 files)
5   face_x_face         fresh  xfit  0.0100  20    0.0721    0.95    0.0084     20          0.8396  results/E3mlp/mlp_*.csv (100 files)
6   face_x_face  original 0-9  boot  0.0001  10    0.2424    0.70    0.0001     10          0.9266  results/E3mlp/mlp_*.csv (100 files)
7   face_x_face  original 0-9  boot  0.0010  10    0.1464    0.70    0.0010     10          0.9555  results/E3mlp/mlp_*.csv (100 files)
8   face_x_face  original 0-9  boot  0.0100  10    0.0699    0.70    0.0096     10          0.9612  results/E3mlp/mlp_*.csv (100 files)
9   fing_x_face         fresh  boot  0.0010  20    0.0102    0.75    0.0007     20          0.6966  results/E3mlp/mlp_*.csv (100 files)
10  fing_x_face         fresh  boot  0.0100  20    0.0041    0.80    0.0079     20          0.7905  results/E3mlp/mlp_*.csv (100 files)
11  fing_x_face         fresh  xfit  0.0010  20    0.0168    0.75    0.0007     20          0.6532  results/E3mlp/mlp_*.csv (100 files)
12  fing_x_face         fresh  xfit  0.0100  20    0.0060    0.70    0.0078     20          0.7773  results/E3mlp/mlp_*.csv (100 files)
13  fing_x_face  original 0-9  boot  0.0010  10    0.0097    1.00    0.0005     10          0.5178  results/E3mlp/mlp_*.csv (100 files)
14  fing_x_face  original 0-9  boot  0.0100  10    0.0042    1.00    0.0065     10          0.6504  results/E3mlp/mlp_*.csv (100 files)
15  fing_x_fing         fresh  boot  0.0001  20    0.0872    0.90    0.0001     20          0.8868  results/E3mlp/mlp_*.csv (100 files)
16  fing_x_fing         fresh  boot  0.0010  20    0.0610    0.85    0.0009     20          0.9339  results/E3mlp/mlp_*.csv (100 files)
17  fing_x_fing         fresh  boot  0.0100  20    0.0384    0.80    0.0095     20          0.9538  results/E3mlp/mlp_*.csv (100 files)
18  fing_x_fing         fresh  xfit  0.0001  20    0.0885    1.00    0.0001     20          0.8218  results/E3mlp/mlp_*.csv (100 files)
19  fing_x_fing         fresh  xfit  0.0010  20    0.0615    0.90    0.0009     20          0.9021  results/E3mlp/mlp_*.csv (100 files)
20  fing_x_fing         fresh  xfit  0.0100  20    0.0384    0.80    0.0094     20          0.9382  results/E3mlp/mlp_*.csv (100 files)
21  fing_x_fing  original 0-9  boot  0.0001  10    0.0885    1.00    0.0001     10          0.8243  results/E3mlp/mlp_*.csv (100 files)
22  fing_x_fing  original 0-9  boot  0.0010  10    0.0625    1.00    0.0009     10          0.8595  results/E3mlp/mlp_*.csv (100 files)
23  fing_x_fing  original 0-9  boot  0.0100  10    0.0396    1.00    0.0089     10          0.8891  results/E3mlp/mlp_*.csv (100 files)
24   lfw_x_fing        D4 0-9  boot  0.0001  10    0.0013    0.80    0.0001     10          0.7449  results/E3mlp/mlp_*.csv (100 files)
25   lfw_x_fing        D4 0-9  boot  0.0010  10    0.0010    0.70    0.0009     10          0.9453  results/E3mlp/mlp_*.csv (100 files)
26   lfw_x_fing        D4 0-9  boot  0.0100  10    0.0008    0.80    0.0096     10          0.9595  results/E3mlp/mlp_*.csv (100 files)
27   lfw_x_fing        D4 0-9  xfit  0.0001  10    0.0019    0.90    0.0001     10          0.5264  results/E3mlp/mlp_*.csv (100 files)
28   lfw_x_fing        D4 0-9  xfit  0.0010  10    0.0008    1.00    0.0008     10          0.7969  results/E3mlp/mlp_*.csv (100 files)
29   lfw_x_fing        D4 0-9  xfit  0.0100  10    0.0007    0.90    0.0091     10          0.9135  results/E3mlp/mlp_*.csv (100 files)
        dataset     split_set calib   alpha      other   n  frr_mlp  frr_other  mean_diff   ci_lo   ci_hi  p_unadj  n_mlp_lower  n_mlp_higher
0   face_x_face         fresh  boot  0.0001   LR-P1-N2  20   0.2456     0.2780    -0.0324 -0.0464 -0.0183   0.0001           20             0
1   face_x_face         fresh  boot  0.0001  P2-LogReg  20   0.2456     0.2512    -0.0056 -0.0206  0.0094   0.4445           17             2
2   face_x_face         fresh  boot  0.0001     P1-LLR  20   0.2456     0.2452     0.0005 -0.0119  0.0129   0.9381           10             9
3   face_x_face         fresh  boot  0.0010   LR-P1-N2  20   0.1466     0.1664    -0.0198 -0.0328 -0.0068   0.0049           20             0
4   face_x_face         fresh  boot  0.0010  P2-LogReg  20   0.1466     0.1570    -0.0104 -0.0202 -0.0006   0.0384           20             0
5   face_x_face         fresh  boot  0.0010     P1-LLR  20   0.1466     0.1468    -0.0002 -0.0074  0.0070   0.9540           12             7
6   face_x_face         fresh  boot  0.0100   LR-P1-N2  20   0.0696     0.0749    -0.0054 -0.0097 -0.0010   0.0193           20             0
7   face_x_face         fresh  boot  0.0100  P2-LogReg  20   0.0696     0.0834    -0.0138 -0.0193 -0.0084   0.0000           20             0
8   face_x_face         fresh  boot  0.0100     P1-LLR  20   0.0696     0.0720    -0.0024 -0.0063  0.0015   0.2198           18             1
9   face_x_face         fresh  xfit  0.0001   LR-P1-N2  17   0.2643     0.2864    -0.0221 -0.1636  0.1194   0.7448           16             1
10  face_x_face         fresh  xfit  0.0001  P2-LogReg  20   0.2644     0.2596     0.0048 -0.1200  0.1295   0.9369           17             3
11  face_x_face         fresh  xfit  0.0001     P1-LLR  20   0.2644     0.2494     0.0150 -0.1105  0.1406   0.8048            8            12
12  face_x_face         fresh  xfit  0.0010   LR-P1-N2  19   0.1585     0.1711    -0.0126 -0.1037  0.0784   0.7743           18             1
13  face_x_face         fresh  xfit  0.0010  P2-LogReg  20   0.1589     0.1616    -0.0027 -0.0916  0.0862   0.9500           18             2
14  face_x_face         fresh  xfit  0.0010     P1-LLR  20   0.1589     0.1499     0.0090 -0.0800  0.0980   0.8343           10             8
15  face_x_face         fresh  xfit  0.0100   LR-P1-N2  20   0.0721     0.0776    -0.0056 -0.0156  0.0045   0.2602           19             1
16  face_x_face         fresh  xfit  0.0100  P2-LogReg  20   0.0721     0.0848    -0.0128 -0.0226 -0.0030   0.0131           19             1
17  face_x_face         fresh  xfit  0.0100     P1-LLR  20   0.0721     0.0733    -0.0013 -0.0083  0.0057   0.7097           15             4
18  face_x_face  original 0-9  boot  0.0001   LR-P1-N2  10   0.2424     0.2781    -0.0357 -0.0442 -0.0272   0.0000           10             0
19  face_x_face  original 0-9  boot  0.0001  P2-LogReg  10   0.2424     0.2489    -0.0065 -0.0171  0.0040   0.1941           10             0
20  face_x_face  original 0-9  boot  0.0001     P1-LLR  10   0.2424     0.2424     0.0000 -0.0065  0.0065   1.0000            6             4
21  face_x_face  original 0-9  boot  0.0010   LR-P1-N2  10   0.1464     0.1651    -0.0187 -0.0317 -0.0057   0.0100           10             0
22  face_x_face  original 0-9  boot  0.0010  P2-LogReg  10   0.1464     0.1587    -0.0123 -0.0232 -0.0014   0.0316           10             0
23  face_x_face  original 0-9  boot  0.0010     P1-LLR  10   0.1464     0.1471    -0.0007 -0.0057  0.0042   0.7462            6             3
24  face_x_face  original 0-9  boot  0.0100   LR-P1-N2  10   0.0699     0.0753    -0.0054 -0.0107 -0.0001   0.0465           10             0
25  face_x_face  original 0-9  boot  0.0100  P2-LogReg  10   0.0699     0.0840    -0.0141 -0.0194 -0.0088   0.0002           10             0
26  face_x_face  original 0-9  boot  0.0100     P1-LLR  10   0.0699     0.0722    -0.0023 -0.0062  0.0015   0.2023            9             1
27  fing_x_face         fresh  boot  0.0010   LR-P1-N2  20   0.0102     0.0113    -0.0010 -0.0165  0.0145   0.8921            9            10
28  fing_x_face         fresh  boot  0.0010  P2-LogReg  20   0.0102     0.0085     0.0017 -0.0095  0.0130   0.7496            5             9
29  fing_x_face         fresh  boot  0.0010     P1-LLR  20   0.0102     0.0023     0.0079 -0.0048  0.0207   0.2089            0            16
30  fing_x_face         fresh  boot  0.0100   LR-P1-N2  20   0.0041     0.0060    -0.0020 -0.0148  0.0109   0.7516           10             9
31  fing_x_face         fresh  boot  0.0100  P2-LogReg  20   0.0041     0.0027     0.0014 -0.0042  0.0069   0.6165            1             7
32  fing_x_face         fresh  boot  0.0100     P1-LLR  20   0.0041     0.0000     0.0041 -0.0028  0.0109   0.2296            0            15
33  fing_x_face         fresh  xfit  0.0010   LR-P1-N2  18   0.0142     0.0186    -0.0044 -0.0435  0.0348   0.8128            8             9
34  fing_x_face         fresh  xfit  0.0010  P2-LogReg  20   0.0168     0.0087     0.0081 -0.0158  0.0320   0.4856            2            14
35  fing_x_face         fresh  xfit  0.0010     P1-LLR  20   0.0168     0.0044     0.0124 -0.0118  0.0365   0.2971            1            17
36  fing_x_face         fresh  xfit  0.0100   LR-P1-N2  17   0.0059     0.0112    -0.0053 -0.0366  0.0259   0.7178           13             1
37  fing_x_face         fresh  xfit  0.0100  P2-LogReg  20   0.0060     0.0031     0.0029 -0.0120  0.0178   0.6893            1             5
38  fing_x_face         fresh  xfit  0.0100     P1-LLR  20   0.0060     0.0002     0.0058 -0.0098  0.0213   0.4453            0            15
39  fing_x_face  original 0-9  boot  0.0010   LR-P1-N2  10   0.0097     0.0117    -0.0021 -0.0177  0.0135   0.7720            5             4
40  fing_x_face  original 0-9  boot  0.0010  P2-LogReg  10   0.0097     0.0116    -0.0019 -0.0097  0.0059   0.5885            5             1
41  fing_x_face  original 0-9  boot  0.0010     P1-LLR  10   0.0097     0.0023     0.0073 -0.0073  0.0219   0.2854            0             7
42  fing_x_face  original 0-9  boot  0.0100   LR-P1-N2  10   0.0042     0.0060    -0.0017 -0.0118  0.0083   0.7079            6             4
43  fing_x_face  original 0-9  boot  0.0100  P2-LogReg  10   0.0042     0.0035     0.0008 -0.0065  0.0080   0.8144            2             4
44  fing_x_face  original 0-9  boot  0.0100     P1-LLR  10   0.0042     0.0000     0.0042 -0.0038  0.0123   0.2616            0             7
45  fing_x_fing         fresh  boot  0.0001   LR-P1-N2  20   0.0872     0.1010    -0.0138 -0.0191 -0.0085   0.0000           20             0
46  fing_x_fing         fresh  boot  0.0001  P2-LogReg  20   0.0872     0.0896    -0.0023 -0.0055  0.0009   0.1421           19             0
47  fing_x_fing         fresh  boot  0.0001     P1-LLR  20   0.0872     0.0897    -0.0025 -0.0061  0.0011   0.1594           18             1
48  fing_x_fing         fresh  boot  0.0010   LR-P1-N2  20   0.0610     0.0683    -0.0073 -0.0104 -0.0042   0.0001           20             0
49  fing_x_fing         fresh  boot  0.0010  P2-LogReg  20   0.0610     0.0617    -0.0007 -0.0028  0.0014   0.4936           15             4
50  fing_x_fing         fresh  boot  0.0010     P1-LLR  20   0.0610     0.0621    -0.0011 -0.0035  0.0013   0.3406           16             3
51  fing_x_fing         fresh  boot  0.0100   LR-P1-N2  20   0.0384     0.0426    -0.0042 -0.0073 -0.0012   0.0092           20             0
52  fing_x_fing         fresh  boot  0.0100  P2-LogReg  20   0.0384     0.0386    -0.0002 -0.0018  0.0014   0.7792           10             5
53  fing_x_fing         fresh  boot  0.0100     P1-LLR  20   0.0384     0.0391    -0.0007 -0.0026  0.0012   0.4620           16             3
54  fing_x_fing         fresh  xfit  0.0001   LR-P1-N2  20   0.0885     0.1031    -0.0146 -0.0205 -0.0087   0.0001           20             0
55  fing_x_fing         fresh  xfit  0.0001  P2-LogReg  20   0.0885     0.0902    -0.0017 -0.0045  0.0012   0.2374           18             2
56  fing_x_fing         fresh  xfit  0.0001     P1-LLR  20   0.0885     0.0906    -0.0021 -0.0056  0.0015   0.2402           17             2
57  fing_x_fing         fresh  xfit  0.0010   LR-P1-N2  20   0.0615     0.0695    -0.0080 -0.0107 -0.0054   0.0000           20             0
58  fing_x_fing         fresh  xfit  0.0010  P2-LogReg  20   0.0615     0.0621    -0.0006 -0.0029  0.0016   0.5602           14             5
59  fing_x_fing         fresh  xfit  0.0010     P1-LLR  20   0.0615     0.0625    -0.0010 -0.0033  0.0012   0.3429           16             3
60  fing_x_fing         fresh  xfit  0.0100   LR-P1-N2  20   0.0384     0.0431    -0.0047 -0.0079 -0.0015   0.0068           20             0
61  fing_x_fing         fresh  xfit  0.0100  P2-LogReg  20   0.0384     0.0389    -0.0005 -0.0024  0.0014   0.6042           13             2
62  fing_x_fing         fresh  xfit  0.0100     P1-LLR  20   0.0384     0.0391    -0.0007 -0.0029  0.0016   0.5423           16             3
63  fing_x_fing  original 0-9  boot  0.0001   LR-P1-N2  10   0.0885     0.1025    -0.0140 -0.0178 -0.0103   0.0000           10             0
64  fing_x_fing  original 0-9  boot  0.0001  P2-LogReg  10   0.0885     0.0917    -0.0032 -0.0049 -0.0014   0.0028           10             0
65  fing_x_fing  original 0-9  boot  0.0001     P1-LLR  10   0.0885     0.0920    -0.0035 -0.0057 -0.0013   0.0064           10             0
66  fing_x_fing  original 0-9  boot  0.0010   LR-P1-N2  10   0.0625     0.0686    -0.0061 -0.0092 -0.0030   0.0016           10             0
67  fing_x_fing  original 0-9  boot  0.0010  P2-LogReg  10   0.0625     0.0628    -0.0003 -0.0024  0.0018   0.7289            6             3
68  fing_x_fing  original 0-9  boot  0.0010     P1-LLR  10   0.0625     0.0637    -0.0012 -0.0033  0.0010   0.2572            8             1
69  fing_x_fing  original 0-9  boot  0.0100   LR-P1-N2  10   0.0396     0.0438    -0.0042 -0.0078 -0.0006   0.0261           10             0
70  fing_x_fing  original 0-9  boot  0.0100  P2-LogReg  10   0.0396     0.0397    -0.0001 -0.0027  0.0024   0.9079            4             5
71  fing_x_fing  original 0-9  boot  0.0100     P1-LLR  10   0.0396     0.0403    -0.0008 -0.0034  0.0018   0.5232            7             2
72   lfw_x_fing        D4 0-9  boot  0.0001   LR-P1-N2  10   0.0013     0.0042    -0.0029 -0.0084  0.0027   0.2765           10             0
73   lfw_x_fing        D4 0-9  boot  0.0001  P2-LogReg  10   0.0013     0.0011     0.0002 -0.0010  0.0014   0.6618            0             2
74   lfw_x_fing        D4 0-9  boot  0.0001     P1-LLR  10   0.0013     0.0007     0.0006 -0.0014  0.0026   0.5171            0             4
75   lfw_x_fing        D4 0-9  boot  0.0010   LR-P1-N2  10   0.0010     0.0024    -0.0015 -0.0049  0.0020   0.3603            6             0
76   lfw_x_fing        D4 0-9  boot  0.0010  P2-LogReg  10   0.0010     0.0008     0.0001 -0.0015  0.0017   0.8703            1             2
77   lfw_x_fing        D4 0-9  boot  0.0010     P1-LLR  10   0.0010     0.0007     0.0002 -0.0010  0.0014   0.6618            0             2
78   lfw_x_fing        D4 0-9  boot  0.0100   LR-P1-N2  10   0.0008     0.0023    -0.0015 -0.0047  0.0018   0.3342            7             0
79   lfw_x_fing        D4 0-9  boot  0.0100  P2-LogReg  10   0.0008     0.0007     0.0001 -0.0008  0.0010   0.7699            0             1
80   lfw_x_fing        D4 0-9  boot  0.0100     P1-LLR  10   0.0008     0.0007     0.0001 -0.0008  0.0010   0.7699            0             1
81   lfw_x_fing        D4 0-9  xfit  0.0001   LR-P1-N2   7   0.0011     0.0069    -0.0058 -0.0175  0.0058   0.2575            7             0
82   lfw_x_fing        D4 0-9  xfit  0.0001  P2-LogReg  10   0.0019     0.0024    -0.0005 -0.0081  0.0072   0.8914            4             2
83   lfw_x_fing        D4 0-9  xfit  0.0001     P1-LLR  10   0.0019     0.0012     0.0007 -0.0041  0.0056   0.7460            2             4
84   lfw_x_fing        D4 0-9  xfit  0.0010   LR-P1-N2  10   0.0009     0.0049    -0.0040 -0.0142  0.0061   0.3858            8             0
85   lfw_x_fing        D4 0-9  xfit  0.0010  P2-LogReg  10   0.0008     0.0007     0.0001 -0.0008  0.0010   0.7699            0             1
86   lfw_x_fing        D4 0-9  xfit  0.0010     P1-LLR  10   0.0008     0.0007     0.0001 -0.0008  0.0010   0.7699            0             1
87   lfw_x_fing        D4 0-9  xfit  0.0100   LR-P1-N2  10   0.0007     0.0039    -0.0032 -0.0116  0.0051   0.4045            7             0
88   lfw_x_fing        D4 0-9  xfit  0.0100  P2-LogReg  10   0.0007     0.0007     0.0000  0.0000  0.0000   1.0000            0             0
89   lfw_x_fing        D4 0-9  xfit  0.0100     P1-LLR  10   0.0007     0.0007     0.0000  0.0000  0.0000   1.0000            0             0
