[fing_x_fing s7] fit li_V HYP 0.0s gap=nan
[fing_x_fing s7] fit li_V MONO 0.0s gap=nan
[fing_x_fing s7] fit li_V MONO-rel 0.0s gap=nan
[fing_x_fing s7] fit li_V LR-P1-N2 0.9s gap=0.0
[fing_x_fing s7] fit li_V LR-P1-N2-rel 0.6s gap=0.0
[fing_x_fing s7] fit li_V LR-P2-N2 0.5s gap=0.0
[fing_x_fing s7] fit li_V LR-P2-N2-rel 3.1s gap=0.0
[fing_x_fing s7] fit li_V LR-P1-N3 21.7s gap=0.0
[fing_x_fing s7] fit li_V NLS-N2 0.2s gap=nan
[fing_x_fing s7] fit li_V DE-N2 0.3s gap=nan
[fing_x_fing s7] fit li_V MAXMONO-K3 0.0s gap=nan
[fing_x_fing s7] fit ri_V HYP 0.0s gap=nan
[fing_x_fing s7] fit ri_V MONO 0.0s gap=nan
[fing_x_fing s7] fit ri_V MONO-rel 0.0s gap=nan
[fing_x_fing s7] fit ri_V LR-P1-N2 0.7s gap=0.0
[fing_x_fing s7] fit ri_V LR-P1-N2-rel 0.6s gap=0.0
[fing_x_fing s7] fit ri_V LR-P2-N2 1.6s gap=0.0
[fing_x_fing s7] fit ri_V LR-P2-N2-rel 3.0s gap=0.0
[fing_x_fing s7] fit ri_V LR-P1-N3 28.7s gap=0.0
[fing_x_fing s7] fit ri_V NLS-N2 0.1s gap=nan
[fing_x_fing s7] fit ri_V DE-N2 0.4s gap=nan
[fing_x_fing s7] fit ri_V MAXMONO-K3 0.0s gap=nan
[fing_x_fing s7] alpha 0.01 done 253s
[fing_x_fing s7] alpha 0.001 done 425s
[fing_x_fing s7] alpha 0.0001 done 587s
[fing_x_fing s7] finished in 587s
