[face_x_face s6] fit face_C HYP 0.0s gap=nan
[face_x_face s6] fit face_C MONO 0.0s gap=nan
[face_x_face s6] fit face_C MONO-rel 0.0s gap=nan
[face_x_face s6] fit face_C LR-P1-N2 1.6s gap=0.0
[face_x_face s6] fit face_C LR-P1-N2-rel 1.9s gap=0.0
[face_x_face s6] fit face_C LR-P2-N2 4.4s gap=0.0
[face_x_face s6] fit face_C LR-P2-N2-rel 6.4s gap=0.0
[face_x_face s6] fit face_C LR-P1-N3 82.9s gap=0.0
[face_x_face s6] fit face_C NLS-N2 0.2s gap=nan
[face_x_face s6] fit face_C DE-N2 0.9s gap=nan
[face_x_face s6] fit face_C MAXMONO-K3 0.0s gap=nan
[face_x_face s6] fit face_G HYP 0.0s gap=nan
[face_x_face s6] fit face_G MONO 0.0s gap=nan
[face_x_face s6] fit face_G MONO-rel 0.0s gap=nan
[face_x_face s6] fit face_G LR-P1-N2 2.1s gap=0.0
[face_x_face s6] fit face_G LR-P1-N2-rel 3.8s gap=0.0
[face_x_face s6] fit face_G LR-P2-N2 3.9s gap=0.0
[face_x_face s6] fit face_G LR-P2-N2-rel 6.7s gap=0.0
[face_x_face s6] fit face_G LR-P1-N3 93.6s gap=0.0
[face_x_face s6] fit face_G NLS-N2 0.4s gap=nan
[face_x_face s6] fit face_G DE-N2 1.0s gap=nan
[face_x_face s6] fit face_G MAXMONO-K3 0.1s gap=nan
[face_x_face s6] alpha 0.01 done 299s
[face_x_face s6] alpha 0.001 done 370s
[face_x_face s6] alpha 0.0001 done 434s
[face_x_face s6] finished in 434s
