[fing_x_face s8] fit face_C HYP 0.0s gap=nan
[fing_x_face s8] fit face_C MONO 0.0s gap=nan
[fing_x_face s8] fit face_C MONO-rel 0.0s gap=nan
[fing_x_face s8] fit face_C LR-P1-N2 2.7s gap=0.0
[fing_x_face s8] fit face_C LR-P1-N2-rel 3.1s gap=0.0
[fing_x_face s8] fit face_C LR-P2-N2 4.0s gap=0.0
[fing_x_face s8] fit face_C LR-P2-N2-rel 9.6s gap=0.0
[fing_x_face s8] fit face_C LR-P1-N3 123.2s gap=0.0
[fing_x_face s8] fit face_C NLS-N2 0.2s gap=nan
[fing_x_face s8] fit face_C DE-N2 0.8s gap=nan
[fing_x_face s8] fit face_C MAXMONO-K3 0.0s gap=nan
[fing_x_face s8] fit face_G HYP 0.0s gap=nan
[fing_x_face s8] fit face_G MONO 0.0s gap=nan
[fing_x_face s8] fit face_G MONO-rel 0.0s gap=nan
[fing_x_face s8] fit face_G LR-P1-N2 0.7s gap=0.0
[fing_x_face s8] fit face_G LR-P1-N2-rel 2.4s gap=0.0
[fing_x_face s8] fit face_G LR-P2-N2 3.8s gap=0.0
[fing_x_face s8] fit face_G LR-P2-N2-rel 11.5s gap=0.0
[fing_x_face s8] fit face_G LR-P1-N3 43.7s gap=0.0
[fing_x_face s8] fit face_G NLS-N2 0.2s gap=nan
[fing_x_face s8] fit face_G DE-N2 0.5s gap=nan
[fing_x_face s8] fit face_G MAXMONO-K3 0.0s gap=nan
[fing_x_face s8] fit li_V HYP 0.0s gap=nan
[fing_x_face s8] fit li_V MONO 0.0s gap=nan
[fing_x_face s8] fit li_V MONO-rel 0.0s gap=nan
[fing_x_face s8] fit li_V LR-P1-N2 0.6s gap=0.0
[fing_x_face s8] fit li_V LR-P1-N2-rel 1.1s gap=0.0
[fing_x_face s8] fit li_V LR-P2-N2 2.0s gap=0.0
[fing_x_face s8] fit li_V LR-P2-N2-rel 2.7s gap=0.0
[fing_x_face s8] fit li_V LR-P1-N3 33.8s gap=0.0
[fing_x_face s8] fit li_V NLS-N2 0.2s gap=nan
[fing_x_face s8] fit li_V DE-N2 0.6s gap=nan
[fing_x_face s8] fit li_V MAXMONO-K3 0.0s gap=nan
[fing_x_face s8] fit ri_V HYP 0.0s gap=nan
[fing_x_face s8] fit ri_V MONO 0.0s gap=nan
[fing_x_face s8] fit ri_V MONO-rel 0.0s gap=nan
[fing_x_face s8] fit ri_V LR-P1-N2 1.3s gap=0.0
[fing_x_face s8] fit ri_V LR-P1-N2-rel 1.1s gap=0.0
[fing_x_face s8] fit ri_V LR-P2-N2 1.9s gap=0.0
[fing_x_face s8] fit ri_V LR-P2-N2-rel 3.9s gap=0.0
[fing_x_face s8] fit ri_V LR-P1-N3 45.0s gap=0.0
[fing_x_face s8] fit ri_V NLS-N2 0.1s gap=nan
[fing_x_face s8] fit ri_V DE-N2 1.1s gap=nan
[fing_x_face s8] fit ri_V MAXMONO-K3 0.0s gap=nan
[fing_x_face s8] alpha 0.01 done 355s
[fing_x_face s8] alpha 0.001 done 405s
[fing_x_face s8] finished in 405s
