[face_x_face s8] fit face_C HYP 0.0s gap=nan
[face_x_face s8] fit face_C MONO 0.0s gap=nan
[face_x_face s8] fit face_C MONO-rel 0.0s gap=nan
[face_x_face s8] fit face_C LR-P1-N2 1.8s gap=0.0
[face_x_face s8] fit face_C LR-P1-N2-rel 2.7s gap=0.0
[face_x_face s8] fit face_C LR-P2-N2 2.4s gap=0.0
[face_x_face s8] fit face_C LR-P2-N2-rel 9.3s gap=0.0
[face_x_face s8] fit face_C LR-P1-N3 75.4s gap=0.0
[face_x_face s8] fit face_C NLS-N2 0.2s gap=nan
[face_x_face s8] fit face_C DE-N2 0.7s gap=nan
[face_x_face s8] fit face_C MAXMONO-K3 0.0s gap=nan
[face_x_face s8] fit face_G HYP 0.0s gap=nan
[face_x_face s8] fit face_G MONO 0.0s gap=nan
[face_x_face s8] fit face_G MONO-rel 0.1s gap=nan
[face_x_face s8] fit face_G LR-P1-N2 2.0s gap=0.0
[face_x_face s8] fit face_G LR-P1-N2-rel 2.8s gap=0.0
[face_x_face s8] fit face_G LR-P2-N2 4.1s gap=0.0
[face_x_face s8] fit face_G LR-P2-N2-rel 7.1s gap=0.0
[face_x_face s8] fit face_G LR-P1-N3 77.0s gap=0.0
[face_x_face s8] fit face_G NLS-N2 0.3s gap=nan
[face_x_face s8] fit face_G DE-N2 0.7s gap=nan
[face_x_face s8] fit face_G MAXMONO-K3 0.1s gap=nan
[face_x_face s8] alpha 0.01 done 277s
[face_x_face s8] alpha 0.001 done 347s
[face_x_face s8] alpha 0.0001 done 412s
[face_x_face s8] finished in 412s
