[fing_x_fing s4] fit li_V HYP 0.0s gap=nan
[fing_x_fing s4] fit li_V MONO 0.0s gap=nan
[fing_x_fing s4] fit li_V MONO-rel 0.0s gap=nan
[fing_x_fing s4] fit li_V LR-P1-N2 0.8s gap=0.0
[fing_x_fing s4] fit li_V LR-P1-N2-rel 0.9s gap=0.0
[fing_x_fing s4] fit li_V LR-P2-N2 2.6s gap=0.0
[fing_x_fing s4] fit li_V LR-P2-N2-rel 3.1s gap=0.0
[fing_x_fing s4] fit li_V LR-P1-N3 21.6s gap=0.0
[fing_x_fing s4] fit li_V NLS-N2 0.2s gap=nan
[fing_x_fing s4] fit li_V DE-N2 0.6s gap=nan
[fing_x_fing s4] fit li_V MAXMONO-K3 0.0s gap=nan
[fing_x_fing s4] fit ri_V HYP 0.0s gap=nan
[fing_x_fing s4] fit ri_V MONO 0.0s gap=nan
[fing_x_fing s4] fit ri_V MONO-rel 0.0s gap=nan
[fing_x_fing s4] fit ri_V LR-P1-N2 0.8s gap=0.0
[fing_x_fing s4] fit ri_V LR-P1-N2-rel 0.9s gap=0.0
[fing_x_fing s4] fit ri_V LR-P2-N2 2.4s gap=0.0
[fing_x_fing s4] fit ri_V LR-P2-N2-rel 3.9s gap=0.0
[fing_x_fing s4] fit ri_V LR-P1-N3 30.2s gap=0.0
[fing_x_fing s4] fit ri_V NLS-N2 0.1s gap=nan
[fing_x_fing s4] fit ri_V DE-N2 0.6s gap=nan
[fing_x_fing s4] fit ri_V MAXMONO-K3 0.0s gap=nan
[fing_x_fing s4] alpha 0.01 done 262s
[fing_x_fing s4] alpha 0.001 done 429s
[fing_x_fing s4] alpha 0.0001 done 586s
[fing_x_fing s4] finished in 586s
