[fing_x_fing s5] fit li_V HYP 0.0s gap=nan
[fing_x_fing s5] fit li_V MONO 0.0s gap=nan
[fing_x_fing s5] fit li_V MONO-rel 0.0s gap=nan
[fing_x_fing s5] fit li_V LR-P1-N2 0.6s gap=0.0
[fing_x_fing s5] fit li_V LR-P1-N2-rel 0.5s gap=0.0
[fing_x_fing s5] fit li_V LR-P2-N2 1.9s gap=0.0
[fing_x_fing s5] fit li_V LR-P2-N2-rel 3.1s gap=0.0
[fing_x_fing s5] fit li_V LR-P1-N3 20.8s gap=0.0
[fing_x_fing s5] fit li_V NLS-N2 0.2s gap=nan
[fing_x_fing s5] fit li_V DE-N2 0.5s gap=nan
[fing_x_fing s5] fit li_V MAXMONO-K3 0.0s gap=nan
[fing_x_fing s5] fit ri_V HYP 0.0s gap=nan
[fing_x_fing s5] fit ri_V MONO 0.0s gap=nan
[fing_x_fing s5] fit ri_V MONO-rel 0.0s gap=nan
[fing_x_fing s5] fit ri_V LR-P1-N2 0.6s gap=0.0
[fing_x_fing s5] fit ri_V LR-P1-N2-rel 0.8s gap=0.0
[fing_x_fing s5] fit ri_V LR-P2-N2 1.8s gap=0.0
[fing_x_fing s5] fit ri_V LR-P2-N2-rel 2.5s gap=0.0
[fing_x_fing s5] fit ri_V LR-P1-N3 34.4s gap=0.0
[fing_x_fing s5] fit ri_V NLS-N2 0.1s gap=nan
[fing_x_fing s5] fit ri_V DE-N2 0.3s gap=nan
[fing_x_fing s5] fit ri_V MAXMONO-K3 0.0s gap=nan
[fing_x_fing s5] alpha 0.01 done 260s
[fing_x_fing s5] alpha 0.001 done 428s
[fing_x_fing s5] alpha 0.0001 done 589s
[fing_x_fing s5] finished in 589s
