[face_x_face s4] fit face_C HYP 0.0s gap=nan
[face_x_face s4] fit face_C MONO 0.0s gap=nan
[face_x_face s4] fit face_C MONO-rel 0.0s gap=nan
[face_x_face s4] fit face_C LR-P1-N2 1.7s gap=0.0
[face_x_face s4] fit face_C LR-P1-N2-rel 2.0s gap=0.0
[face_x_face s4] fit face_C LR-P2-N2 4.2s gap=0.0
[face_x_face s4] fit face_C LR-P2-N2-rel 10.2s gap=0.0
[face_x_face s4] fit face_C LR-P1-N3 79.7s gap=0.0
[face_x_face s4] fit face_C NLS-N2 0.4s gap=nan
[face_x_face s4] fit face_C DE-N2 1.9s gap=nan
[face_x_face s4] fit face_C MAXMONO-K3 0.0s gap=nan
[face_x_face s4] fit face_G HYP 0.0s gap=nan
[face_x_face s4] fit face_G MONO 0.0s gap=nan
[face_x_face s4] fit face_G MONO-rel 0.0s gap=nan
[face_x_face s4] fit face_G LR-P1-N2 3.1s gap=0.0
[face_x_face s4] fit face_G LR-P1-N2-rel 3.0s gap=0.0
[face_x_face s4] fit face_G LR-P2-N2 3.8s gap=0.0
[face_x_face s4] fit face_G LR-P2-N2-rel 6.7s gap=0.0
[face_x_face s4] fit face_G LR-P1-N3 85.8s gap=0.0
[face_x_face s4] fit face_G NLS-N2 0.4s gap=nan
[face_x_face s4] fit face_G DE-N2 1.3s gap=nan
[face_x_face s4] fit face_G MAXMONO-K3 0.1s gap=nan
[face_x_face s4] alpha 0.01 done 294s
[face_x_face s4] alpha 0.001 done 365s
[face_x_face s4] alpha 0.0001 done 429s
[face_x_face s4] finished in 429s
