[fing_x_fing s2] fit li_V HYP 0.0s gap=nan
[fing_x_fing s2] fit li_V MONO 0.0s gap=nan
[fing_x_fing s2] fit li_V MONO-rel 0.0s gap=nan
[fing_x_fing s2] fit li_V LR-P1-N2 0.7s gap=0.0
[fing_x_fing s2] fit li_V LR-P1-N2-rel 0.6s gap=0.0
[fing_x_fing s2] fit li_V LR-P2-N2 2.2s gap=0.0
[fing_x_fing s2] fit li_V LR-P2-N2-rel 2.8s gap=0.0
[fing_x_fing s2] fit li_V LR-P1-N3 22.1s gap=0.0
[fing_x_fing s2] fit li_V NLS-N2 0.1s gap=nan
[fing_x_fing s2] fit li_V DE-N2 0.4s gap=nan
[fing_x_fing s2] fit li_V MAXMONO-K3 0.0s gap=nan
[fing_x_fing s2] fit ri_V HYP 0.0s gap=nan
[fing_x_fing s2] fit ri_V MONO 0.0s gap=nan
[fing_x_fing s2] fit ri_V MONO-rel 0.0s gap=nan
[fing_x_fing s2] fit ri_V LR-P1-N2 0.6s gap=0.0
[fing_x_fing s2] fit ri_V LR-P1-N2-rel 0.9s gap=0.0
[fing_x_fing s2] fit ri_V LR-P2-N2 2.1s gap=0.0
[fing_x_fing s2] fit ri_V LR-P2-N2-rel 3.6s gap=0.0
[fing_x_fing s2] fit ri_V LR-P1-N3 32.9s gap=0.0
[fing_x_fing s2] fit ri_V NLS-N2 0.2s gap=nan
[fing_x_fing s2] fit ri_V DE-N2 0.5s gap=nan
[fing_x_fing s2] fit ri_V MAXMONO-K3 0.0s gap=nan
[fing_x_fing s2] alpha 0.01 done 262s
[fing_x_fing s2] alpha 0.001 done 427s
[fing_x_fing s2] alpha 0.0001 done 581s
[fing_x_fing s2] finished in 581s
