method                 HYP  LR-P1-N2  P0-Parallel  P1-LLR  P2-LogReg  S1-Marcialis  S2-Symmetric  S3-SPRT  S4-Direct
dataset     alpha                                                                                                   
face_x_face 0.0001     NaN    0.2710       0.2387  0.2353     0.2414        0.2829        0.2829   0.2337     0.2517
            0.0010     NaN    0.1595       0.1481  0.1392     0.1506        0.1807        0.1807   0.1370     0.1581
            0.0100  0.0787    0.0725       0.0819  0.0696     0.0804        0.0927        0.0792   0.0676     0.0744
fing_x_face 0.0010     NaN    0.0099       0.0174  0.0017     0.0069        0.0152        0.0153   0.0062     0.0108
            0.0100  0.0383    0.0055       0.0042  0.0000     0.0027        0.0074        0.0072   0.0048     0.0082
fing_x_fing 0.0001     NaN    0.0983       0.0879  0.0883     0.0876        0.1207        0.1207   0.0867     0.0979
            0.0010     NaN    0.0680       0.0608  0.0613     0.0605        0.0906        0.0906   0.0611     0.0681
            0.0100  0.0760    0.0420       0.0383  0.0386     0.0382        0.0654        0.0421   0.0387     0.0428
lfw_x_fing  0.0001     NaN    0.0035       0.0355  0.0007     0.0011        0.0034        0.0034   0.0011     0.0044
            0.0010  0.0074    0.0024       0.0163  0.0007     0.0008        0.0012        0.0012   0.0011     0.0020
            0.0100  0.0040    0.0024       0.0051  0.0007     0.0007        0.0012        0.0011   0.0010     0.0015
        dataset   alpha        method   n  mean_diff   ci_lo   ci_hi  p_holm  n_better  n_worse
0   face_x_face  0.0001           HYP   0        NaN     NaN     NaN     NaN       NaN      NaN
1   face_x_face  0.0001  S1-Marcialis  20    -0.0119 -0.0283  0.0046  0.2938      18.0      1.0
2   face_x_face  0.0001  S2-Symmetric  20    -0.0119 -0.0283  0.0046  0.2938      18.0      1.0
3   face_x_face  0.0001     S4-Direct  19     0.0179  0.0013  0.0344  0.1082       0.0     19.0
4   face_x_face  0.0001       S3-SPRT  20     0.0373  0.0217  0.0529  0.0006       0.0     20.0
5   face_x_face  0.0001   P0-Parallel  20     0.0323  0.0167  0.0478  0.0014       0.0     20.0
6   face_x_face  0.0001        P1-LLR  20     0.0357  0.0193  0.0522  0.0011       0.0     20.0
7   face_x_face  0.0001     P2-LogReg  20     0.0295  0.0162  0.0429  0.0011       0.0     20.0
8   face_x_face  0.0010           HYP   0        NaN     NaN     NaN     NaN       NaN      NaN
9   face_x_face  0.0010  S1-Marcialis  20    -0.0212 -0.0322 -0.0102  0.0035      20.0      0.0
10  face_x_face  0.0010  S2-Symmetric  20    -0.0212 -0.0322 -0.0102  0.0035      20.0      0.0
11  face_x_face  0.0010     S4-Direct  20     0.0013 -0.0100  0.0127  0.8107       8.0     12.0
12  face_x_face  0.0010       S3-SPRT  20     0.0225  0.0152  0.0297  0.0000       0.0     20.0
13  face_x_face  0.0010   P0-Parallel  20     0.0113  0.0032  0.0195  0.0267       0.0     20.0
14  face_x_face  0.0010        P1-LLR  20     0.0202  0.0118  0.0287  0.0004       0.0     20.0
15  face_x_face  0.0010     P2-LogReg  20     0.0089  0.0007  0.0171  0.0713       0.0     20.0
16  face_x_face  0.0100           HYP  20    -0.0062 -0.0124 -0.0000  0.2463      20.0      0.0
17  face_x_face  0.0100  S1-Marcialis  20    -0.0202 -0.0272 -0.0132  0.0001      20.0      0.0
18  face_x_face  0.0100  S2-Symmetric  20    -0.0066 -0.0188  0.0055  0.7989      20.0      0.0
19  face_x_face  0.0100     S4-Direct  20    -0.0019 -0.0054  0.0016  0.7989      19.0      1.0
20  face_x_face  0.0100       S3-SPRT  20     0.0049  0.0004  0.0093  0.2007       0.0     20.0
21  face_x_face  0.0100   P0-Parallel  20    -0.0094 -0.0171 -0.0017  0.1339      20.0      0.0
22  face_x_face  0.0100        P1-LLR  20     0.0029 -0.0029  0.0087  0.7989       3.0     17.0
23  face_x_face  0.0100     P2-LogReg  20    -0.0078 -0.0164  0.0007  0.2803      19.0      0.0
24  fing_x_face  0.0010           HYP   0        NaN     NaN     NaN     NaN       NaN      NaN
25  fing_x_face  0.0010  S1-Marcialis  19    -0.0054 -0.0188  0.0080  1.0000      16.0      3.0
26  fing_x_face  0.0010  S2-Symmetric  19    -0.0057 -0.0193  0.0079  1.0000      16.0      3.0
27  fing_x_face  0.0010     S4-Direct  19    -0.0012 -0.0119  0.0094  1.0000      13.0      6.0
28  fing_x_face  0.0010       S3-SPRT  19     0.0039 -0.0085  0.0164  1.0000       4.0     15.0
29  fing_x_face  0.0010   P0-Parallel  19    -0.0072 -0.0291  0.0147  1.0000      12.0      6.0
30  fing_x_face  0.0010        P1-LLR  19     0.0083 -0.0003  0.0169  0.4130       0.0     19.0
31  fing_x_face  0.0010     P2-LogReg  19     0.0032 -0.0044  0.0108  1.0000       2.0     13.0
32  fing_x_face  0.0100           HYP  18    -0.0326 -0.0642 -0.0010  0.3506      18.0      0.0
33  fing_x_face  0.0100  S1-Marcialis  20    -0.0019 -0.0125  0.0086  1.0000      12.0      6.0
34  fing_x_face  0.0100  S2-Symmetric  20    -0.0017 -0.0115  0.0080  1.0000      11.0      7.0
35  fing_x_face  0.0100     S4-Direct  20    -0.0027 -0.0155  0.0101  1.0000      17.0      3.0
36  fing_x_face  0.0100       S3-SPRT  20     0.0007 -0.0120  0.0135  1.0000      10.0     10.0
37  fing_x_face  0.0100   P0-Parallel  20     0.0013 -0.0158  0.0184  1.0000       5.0     15.0
38  fing_x_face  0.0100        P1-LLR  20     0.0055 -0.0037  0.0148  1.0000       0.0     17.0
39  fing_x_face  0.0100     P2-LogReg  20     0.0028 -0.0074  0.0130  1.0000       4.0     12.0
40  fing_x_fing  0.0001           HYP   0        NaN     NaN     NaN     NaN       NaN      NaN
41  fing_x_fing  0.0001  S1-Marcialis  20    -0.0225 -0.0308 -0.0141  0.0001      20.0      0.0
42  fing_x_fing  0.0001  S2-Symmetric  20    -0.0225 -0.0308 -0.0141  0.0001      20.0      0.0
43  fing_x_fing  0.0001     S4-Direct  20     0.0004 -0.0037  0.0046  0.8325       6.0     14.0
44  fing_x_fing  0.0001       S3-SPRT  20     0.0116  0.0073  0.0159  0.0001       0.0     20.0
45  fing_x_fing  0.0001   P0-Parallel  20     0.0104  0.0059  0.0149  0.0003       0.0     20.0
46  fing_x_fing  0.0001        P1-LLR  20     0.0100  0.0058  0.0142  0.0003       0.0     20.0
47  fing_x_fing  0.0001     P2-LogReg  20     0.0107  0.0072  0.0142  0.0000       0.0     20.0
48  fing_x_fing  0.0010           HYP   0        NaN     NaN     NaN     NaN       NaN      NaN
49  fing_x_fing  0.0010  S1-Marcialis  20    -0.0227 -0.0290 -0.0164  0.0000      20.0      0.0
50  fing_x_fing  0.0010  S2-Symmetric  20    -0.0227 -0.0290 -0.0164  0.0000      20.0      0.0
51  fing_x_fing  0.0010     S4-Direct  20    -0.0002 -0.0025  0.0022  0.8767       9.0      9.0
52  fing_x_fing  0.0010       S3-SPRT  20     0.0069  0.0030  0.0108  0.0047       0.0     20.0
53  fing_x_fing  0.0010   P0-Parallel  20     0.0072  0.0034  0.0109  0.0041       0.0     20.0
54  fing_x_fing  0.0010        P1-LLR  20     0.0067  0.0022  0.0112  0.0110       0.0     20.0
55  fing_x_fing  0.0010     P2-LogReg  20     0.0074  0.0035  0.0114  0.0041       0.0     20.0
56  fing_x_fing  0.0100           HYP  10    -0.0331 -0.0454 -0.0208  0.0013      10.0      0.0
57  fing_x_fing  0.0100  S1-Marcialis  20    -0.0234 -0.0307 -0.0162  0.0000      20.0      0.0
58  fing_x_fing  0.0100  S2-Symmetric  20    -0.0001 -0.0028  0.0025  0.9567       8.0      9.0
59  fing_x_fing  0.0100     S4-Direct  20    -0.0008 -0.0033  0.0016  0.9567      15.0      3.0
60  fing_x_fing  0.0100       S3-SPRT  20     0.0033  0.0007  0.0059  0.0548       0.0     20.0
61  fing_x_fing  0.0100   P0-Parallel  20     0.0037  0.0013  0.0062  0.0306       0.0     20.0
62  fing_x_fing  0.0100        P1-LLR  20     0.0034  0.0008  0.0060  0.0548       0.0     20.0
63  fing_x_fing  0.0100     P2-LogReg  20     0.0037  0.0011  0.0063  0.0373       0.0     20.0
64   lfw_x_fing  0.0001           HYP   0        NaN     NaN     NaN     NaN       NaN      NaN
65   lfw_x_fing  0.0001  S1-Marcialis   9     0.0004 -0.0058  0.0065  1.0000       4.0      4.0
66   lfw_x_fing  0.0001  S2-Symmetric   9     0.0004 -0.0058  0.0065  1.0000       4.0      4.0
67   lfw_x_fing  0.0001     S4-Direct   9    -0.0008 -0.0058  0.0043  1.0000       3.0      2.0
68   lfw_x_fing  0.0001       S3-SPRT   9     0.0025 -0.0030  0.0080  1.0000       0.0      9.0
69   lfw_x_fing  0.0001   P0-Parallel   9    -0.0319 -0.0404 -0.0235  0.0002       9.0      0.0
70   lfw_x_fing  0.0001        P1-LLR   9     0.0029 -0.0024  0.0081  1.0000       0.0      9.0
71   lfw_x_fing  0.0001     P2-LogReg   9     0.0025 -0.0033  0.0082  1.0000       0.0      9.0
72   lfw_x_fing  0.0010           HYP   9    -0.0052 -0.0115  0.0012  0.6824       9.0      0.0
73   lfw_x_fing  0.0010  S1-Marcialis  10     0.0013 -0.0026  0.0051  1.0000       1.0      6.0
74   lfw_x_fing  0.0010  S2-Symmetric  10     0.0013 -0.0026  0.0051  1.0000       1.0      6.0
75   lfw_x_fing  0.0010     S4-Direct  10     0.0004 -0.0024  0.0032  1.0000       3.0      6.0
76   lfw_x_fing  0.0010       S3-SPRT  10     0.0014 -0.0012  0.0039  1.0000       0.0      8.0
77   lfw_x_fing  0.0010   P0-Parallel  10    -0.0139 -0.0215 -0.0063  0.0207      10.0      0.0
78   lfw_x_fing  0.0010        P1-LLR  10     0.0017 -0.0013  0.0046  1.0000       0.0      8.0
79   lfw_x_fing  0.0010     P2-LogReg  10     0.0016 -0.0014  0.0046  1.0000       0.0      8.0
80   lfw_x_fing  0.0100           HYP  10    -0.0016 -0.0064  0.0033  1.0000       7.0      3.0
81   lfw_x_fing  0.0100  S1-Marcialis  10     0.0013 -0.0031  0.0057  1.0000       2.0      6.0
82   lfw_x_fing  0.0100  S2-Symmetric  10     0.0013 -0.0030  0.0056  1.0000       2.0      6.0
83   lfw_x_fing  0.0100     S4-Direct  10     0.0010 -0.0026  0.0045  1.0000       3.0      5.0
84   lfw_x_fing  0.0100       S3-SPRT  10     0.0014 -0.0019  0.0048  1.0000       0.0      7.0
85   lfw_x_fing  0.0100   P0-Parallel  10    -0.0027 -0.0072  0.0018  1.0000       9.0      1.0
86   lfw_x_fing  0.0100        P1-LLR  10     0.0017 -0.0019  0.0053  1.0000       0.0      7.0
87   lfw_x_fing  0.0100     P2-LogReg  10     0.0017 -0.0019  0.0053  1.0000       0.0      7.0
