[miqp fing_x_face s0 N2] face_C value=0.115109 lb=0.115109 gap=3.77e-06 it=2 t=1.3s optimal
[miqp fing_x_face s0 N2] face_G value=0.184004 lb=0.183999 gap=2.31e-05 it=3 t=3.7s optimal
[miqp fing_x_face s0 N2] li_V value=0.0189755 lb=0.0189754 gap=5.47e-06 it=2 t=0.3s optimal
[miqp fing_x_face s0 N2] ri_V value=0.010619 lb=0.0106182 gap=7.21e-05 it=2 t=0.6s optimal
[miqp fing_x_face s1 N2] face_C value=0.0769945 lb=0.0769919 gap=3.29e-05 it=3 t=2.6s optimal
[miqp fing_x_face s1 N2] face_G value=0.126631 lb=0.12663 gap=6.91e-06 it=2 t=1.0s optimal
[miqp fing_x_face s1 N2] li_V value=0.0398035 lb=0.0398029 gap=1.38e-05 it=2 t=0.3s optimal
[miqp fing_x_face s1 N2] ri_V value=0.0145528 lb=0.0145527 gap=5.61e-06 it=2 t=0.5s optimal
[miqp fing_x_face s2 N2] face_C value=0.0847479 lb=0.0847473 gap=6.28e-06 it=2 t=1.4s optimal
[miqp fing_x_face s2 N2] face_G value=0.0869337 lb=0.0869319 gap=2.05e-05 it=2 t=1.3s optimal
[miqp fing_x_face s2 N2] li_V value=0.0139346 lb=0.0139346 gap=5.16e-08 it=2 t=0.2s optimal
[miqp fing_x_face s2 N2] ri_V value=0.0107533 lb=0.0107533 gap=-5.81e-15 it=2 t=0.5s optimal
[miqp fing_x_face s3 N2] face_C value=0.0468136 lb=0.0468103 gap=7.10e-05 it=2 t=3.6s optimal
[miqp fing_x_face s3 N2] face_G value=0.182884 lb=0.182884 gap=9.96e-08 it=2 t=1.8s optimal
[miqp fing_x_face s3 N2] li_V value=0.0251878 lb=0.0251878 gap=-5.10e-14 it=2 t=0.4s optimal
[miqp fing_x_face s3 N2] ri_V value=0.0118373 lb=0.0118361 gap=9.89e-05 it=3 t=0.7s optimal
[miqp fing_x_face s4 N2] face_C value=0.156238 lb=0.156237 gap=4.31e-06 it=2 t=1.6s optimal
[miqp fing_x_face s4 N2] face_G value=0.251332 lb=0.251331 gap=1.14e-06 it=2 t=1.4s optimal
[miqp fing_x_face s4 N2] li_V value=0.0249128 lb=0.0249128 gap=-2.48e-14 it=2 t=0.4s optimal
[miqp fing_x_face s4 N2] ri_V value=0.00659101 lb=0.00659101 gap=-2.90e-14 it=2 t=0.3s optimal
[miqp fing_x_fing s0 N2] li_V value=0.0761096 lb=0.0761096 gap=-3.03e-14 it=2 t=0.9s optimal
[miqp fing_x_fing s0 N2] ri_V value=0.0341754 lb=0.0341754 gap=-2.15e-14 it=2 t=0.8s optimal
[miqp fing_x_fing s1 N2] li_V value=0.0732141 lb=0.0732141 gap=7.58e-16 it=2 t=0.3s optimal
[miqp fing_x_fing s1 N2] ri_V value=0.029676 lb=0.029676 gap=-7.37e-14 it=2 t=0.8s optimal
[miqp fing_x_fing s2 N2] li_V value=0.0831424 lb=0.0831424 gap=-1.12e-13 it=2 t=0.5s optimal
[miqp fing_x_fing s2 N2] ri_V value=0.0275449 lb=0.0275449 gap=-2.18e-14 it=2 t=0.5s optimal
[miqp fing_x_fing s3 N2] li_V value=0.0696873 lb=0.0696873 gap=-1.06e-14 it=2 t=0.6s optimal
[miqp fing_x_fing s3 N2] ri_V value=0.0363348 lb=0.0363348 gap=-8.59e-15 it=2 t=0.6s optimal
[miqp fing_x_fing s4 N2] li_V value=0.0684729 lb=0.0684729 gap=-5.67e-15 it=2 t=0.4s optimal
[miqp fing_x_fing s4 N2] ri_V value=0.0296098 lb=0.0296092 gap=2.11e-05 it=2 t=0.5s optimal
[miqp face_x_face s0 N2] face_C value=0.245944 lb=0.245944 gap=-4.49e-14 it=2 t=1.4s optimal
[miqp face_x_face s0 N2] face_G value=0.413677 lb=0.413677 gap=-1.36e-14 it=2 t=2.2s optimal
[miqp face_x_face s1 N2] face_C value=0.251208 lb=0.251208 gap=-1.86e-14 it=3 t=1.8s optimal
[miqp face_x_face s1 N2] face_G value=0.360642 lb=0.360642 gap=-1.39e-15 it=2 t=1.4s optimal
[miqp face_x_face s2 N2] face_C value=0.302264 lb=0.302264 gap=-1.97e-14 it=2 t=1.8s optimal
[miqp face_x_face s2 N2] face_G value=0.241254 lb=0.241254 gap=1.53e-06 it=2 t=1.2s optimal
[miqp face_x_face s3 N2] face_C value=0.29474 lb=0.294737 gap=8.98e-06 it=2 t=1.3s optimal
[miqp face_x_face s3 N2] face_G value=0.403112 lb=0.403112 gap=8.54e-13 it=2 t=1.3s optimal
[miqp face_x_face s4 N2] face_C value=0.24494 lb=0.244939 gap=3.09e-06 it=2 t=1.1s optimal
[miqp face_x_face s4 N2] face_G value=0.259084 lb=0.259083 gap=1.13e-06 it=2 t=5.9s optimal
DONE
