{'dataset': 'fing_x_face', 'seed': 0, 'matcher': 'face_C', 'opt_N2': np.float64(0.1151093388577838), 'mono_grid': 0.12244752909337381, 'mono_cont': 0.11493005205882272, 'rel_cont': np.float64(-0.00155753478162693), 'rel_grid': np.float64(0.0637497383653316), 'conv_value': 0.11510933885747887, 'support': '-0.26 -0.24', 'n_support': 2}
{'dataset': 'fing_x_face', 'seed': 0, 'matcher': 'face_G', 'opt_N2': np.float64(0.1840036504728501), 'mono_grid': 0.18401377629655333, 'mono_cont': 0.18375301172974817, 'rel_cont': np.float64(-0.00136214005786217), 'rel_grid': np.float64(5.503055878073754e-05), 'conv_value': 0.1840036504728495, 'support': '-0.22 -0.20', 'n_support': 2}
{'dataset': 'fing_x_face', 'seed': 0, 'matcher': 'li_V', 'opt_N2': np.float64(0.0189755119760498), 'mono_grid': 0.020045360782754505, 'mono_cont': 0.018895972236760948, 'rel_cont': np.float64(-0.004191704518394261), 'rel_grid': np.float64(0.05638049756206994), 'conv_value': 0.018975511976050408, 'support': '-0.12 -0.10', 'n_support': 2}
{'dataset': 'fing_x_face', 'seed': 0, 'matcher': 'ri_V', 'opt_N2': np.float64(0.010618997362182), 'mono_grid': 0.010699755900167376, 'mono_cont': 0.010572598970786728, 'rel_cont': np.float64(-0.004369375922487064), 'rel_grid': np.float64(0.007605100107943018), 'conv_value': 0.010618997362180194, 'support': '-0.18 -0.16', 'n_support': 2}
{'dataset': 'fing_x_face', 'seed': 1, 'matcher': 'face_C', 'opt_N2': np.float64(0.0769944822478948), 'mono_grid': 0.07731026096660266, 'mono_cont': 0.07673372533594157, 'rel_cont': np.float64(-0.0033866960896456405), 'rel_grid': np.float64(0.0041013162175851095), 'conv_value': 0.07699448224787053, 'support': '-0.22 -0.20', 'n_support': 2}
{'dataset': 'fing_x_face', 'seed': 1, 'matcher': 'face_G', 'opt_N2': np.float64(0.126631082275838), 'mono_grid': 0.126661749448867, 'mono_cont': 0.12640844159840414, 'rel_cont': np.float64(-0.0017581834841218632), 'rel_grid': np.float64(0.00024217729547782214), 'conv_value': 0.1266310822751362, 'support': '-0.22 -0.20', 'n_support': 2}
{'dataset': 'fing_x_face', 'seed': 1, 'matcher': 'li_V', 'opt_N2': np.float64(0.0398034500376149), 'mono_grid': 0.03980345003761494, 'mono_cont': 0.03979485061224457, 'rel_cont': np.float64(-0.0002160472361618806), 'rel_grid': np.float64(1.0459737380578612e-15), 'conv_value': 0.03980345003761676, 'support': '-0.12', 'n_support': 1}
{'dataset': 'fing_x_face', 'seed': 1, 'matcher': 'ri_V', 'opt_N2': np.float64(0.0145527539991684), 'mono_grid': 0.01465987454218143, 'mono_cont': 0.014511644938950472, 'rel_cont': np.float64(-0.0028248302843762747), 'rel_grid': np.float64(0.007360843385324206), 'conv_value': 0.014552753999169443, 'support': '-0.20 -0.18', 'n_support': 2}
{'dataset': 'fing_x_face', 'seed': 2, 'matcher': 'face_C', 'opt_N2': np.float64(0.08474788154614), 'mono_grid': 0.08573832022961961, 'mono_cont': 0.08443306517259952, 'rel_cont': np.float64(-0.003714740330931902), 'rel_grid': np.float64(0.01168688426672199), 'conv_value': 0.08474788154610025, 'support': '-0.24 -0.22', 'n_support': 2}
{'dataset': 'fing_x_face', 'seed': 2, 'matcher': 'face_G', 'opt_N2': np.float64(0.0869337268823792), 'mono_grid': 0.09495876879370399, 'mono_cont': 0.08651983061282542, 'rel_cont': np.float64(-0.004761055166929379), 'rel_grid': np.float64(0.09231218077401217), 'conv_value': 0.08693372688234202, 'support': '-0.22 -0.20', 'n_support': 2}
{'dataset': 'fing_x_face', 'seed': 2, 'matcher': 'li_V', 'opt_N2': np.float64(0.0139345674764094), 'mono_grid': 0.016310155667310453, 'mono_cont': 0.013848329093214245, 'rel_cont': np.float64(-0.006188809472640811), 'rel_grid': np.float64(0.17048165972304616), 'conv_value': 0.013934567476410309, 'support': '-0.14 -0.12', 'n_support': 2}
{'dataset': 'fing_x_face', 'seed': 2, 'matcher': 'ri_V', 'opt_N2': np.float64(0.0107532960045533), 'mono_grid': 0.011425089187180828, 'mono_cont': 0.010731699639212819, 'rel_cont': np.float64(-0.00200834844789318), 'rel_grid': np.float64(0.06247323447090722), 'conv_value': 0.010753296004552604, 'support': '-0.16 -0.14', 'n_support': 2}
{'dataset': 'fing_x_face', 'seed': 3, 'matcher': 'face_C', 'opt_N2': np.float64(0.0468135989476124), 'mono_grid': 0.06446605598413216, 'mono_cont': 0.057753416156398896, 'rel_cont': np.float64(0.23368887363325538), 'rel_grid': np.float64(0.37707968268523967), 'conv_value': 0.046813597844703736, 'support': '-1.62 -0.28', 'n_support': 2}
{'dataset': 'fing_x_face', 'seed': 3, 'matcher': 'face_G', 'opt_N2': np.float64(0.1828843756249355), 'mono_grid': 0.1842095382899884, 'mono_cont': 0.18243484977255559, 'rel_cont': np.float64(-0.002457978440442738), 'rel_grid': np.float64(0.007245904197800767), 'conv_value': 0.18288437562493476, 'support': '-0.22 -0.20', 'n_support': 2}
{'dataset': 'fing_x_face', 'seed': 3, 'matcher': 'li_V', 'opt_N2': np.float64(0.0251877941338206), 'mono_grid': 0.025740391832845304, 'mono_cont': 0.02506402736418216, 'rel_cont': np.float64(-0.004913759775106877), 'rel_grid': np.float64(0.021939106540604558), 'conv_value': 0.025187794133821884, 'support': '-0.14 -0.12', 'n_support': 2}
{'dataset': 'fing_x_face', 'seed': 3, 'matcher': 'ri_V', 'opt_N2': np.float64(0.0118372727829585), 'mono_grid': 0.011873381057371325, 'mono_cont': 0.011800037090344946, 'rel_cont': np.float64(-0.003145631033117665), 'rel_grid': np.float64(0.0030503879630795496), 'conv_value': 0.011837272782958874, 'support': '-0.22 -0.20', 'n_support': 2}
{'dataset': 'fing_x_face', 'seed': 4, 'matcher': 'face_C', 'opt_N2': np.float64(0.1562379803930021), 'mono_grid': 0.15690689764278412, 'mono_cont': 0.15577707706115657, 'rel_cont': np.float64(-0.0029500082546265404), 'rel_grid': np.float64(0.0042813997473560555), 'conv_value': 0.15623798039303427, 'support': '-0.26 -0.24', 'n_support': 2}
{'dataset': 'fing_x_face', 'seed': 4, 'matcher': 'face_G', 'opt_N2': np.float64(0.2513316969228535), 'mono_grid': 0.25145365692289634, 'mono_cont': 0.25084106385690713, 'rel_cont': np.float64(-0.0019521336622215933), 'rel_grid': np.float64(0.000485255149016349), 'conv_value': 0.2513316969227821, 'support': '-0.22 -0.20', 'n_support': 2}
{'dataset': 'fing_x_face', 'seed': 4, 'matcher': 'li_V', 'opt_N2': np.float64(0.0249128129356556), 'mono_grid': 0.02621346259572586, 'mono_cont': 0.024768118921128807, 'rel_cont': np.float64(-0.005808015935434791), 'rel_grid': np.float64(0.05220806110612865), 'conv_value': 0.024912812935656614, 'support': '-0.14 -0.12', 'n_support': 2}
{'dataset': 'fing_x_face', 'seed': 4, 'matcher': 'ri_V', 'opt_N2': np.float64(0.0065910134534379), 'mono_grid': 0.006591013453437996, 'mono_cont': 0.006583488787784815, 'rel_cont': np.float64(-0.0011416553321037316), 'rel_grid': np.float64(1.4607336731575663e-14), 'conv_value': 0.006591013453438099, 'support': '-0.16', 'n_support': 1}
{'dataset': 'fing_x_fing', 'seed': 0, 'matcher': 'li_V', 'opt_N2': np.float64(0.0761096408161322), 'mono_grid': 0.07624027742228655, 'mono_cont': 0.07600318864349566, 'rel_cont': np.float64(-0.0013986687033999685), 'rel_grid': np.float64(0.0017164265230202298), 'conv_value': 0.07610964081610927, 'support': '-0.10 -0.08', 'n_support': 2}
{'dataset': 'fing_x_fing', 'seed': 0, 'matcher': 'ri_V', 'opt_N2': np.float64(0.0341754302073951), 'mono_grid': 0.03463908985325261, 'mono_cont': 0.03380622874839119, 'rel_cont': np.float64(-0.010803125425587784), 'rel_grid': np.float64(0.013567046355928003), 'conv_value': 0.034175430207385116, 'support': '-0.12 -0.10', 'n_support': 2}
{'dataset': 'fing_x_fing', 'seed': 1, 'matcher': 'li_V', 'opt_N2': np.float64(0.073214084750698), 'mono_grid': 0.07321408475069796, 'mono_cont': 0.07314389511063182, 'rel_cont': np.float64(-0.0009586903982366552), 'rel_grid': np.float64(-5.686523783669433e-16), 'conv_value': 0.0732140847506999, 'support': '-0.10', 'n_support': 1}
{'dataset': 'fing_x_fing', 'seed': 1, 'matcher': 'ri_V', 'opt_N2': np.float64(0.029676014620638), 'mono_grid': 0.03059567037448263, 'mono_cont': 0.029399904455180394, 'rel_cont': np.float64(-0.009304152494438602), 'rel_grid': np.float64(0.03098986725815474), 'conv_value': 0.02967601462064029, 'support': '-0.12 -0.10', 'n_support': 2}
{'dataset': 'fing_x_fing', 'seed': 2, 'matcher': 'li_V', 'opt_N2': np.float64(0.0831423516265716), 'mono_grid': 0.08319844403566322, 'mono_cont': 0.08300041445124229, 'rel_cont': np.float64(-0.0017071585365640936), 'rel_grid': np.float64(0.0006746550704212789), 'conv_value': 0.08314235162657546, 'support': '-0.12 -0.10', 'n_support': 2}
{'dataset': 'fing_x_fing', 'seed': 2, 'matcher': 'ri_V', 'opt_N2': np.float64(0.0275449398468467), 'mono_grid': 0.032885807789123346, 'mono_cont': 0.027167166172604635, 'rel_cont': np.float64(-0.013714812097704154), 'rel_grid': np.float64(0.19389651863364146), 'conv_value': 0.02754493984684525, 'support': '-0.12 -0.10', 'n_support': 2}
{'dataset': 'fing_x_fing', 'seed': 3, 'matcher': 'li_V', 'opt_N2': np.float64(0.0696872975727715), 'mono_grid': 0.07015823249129634, 'mono_cont': 0.06953913874738013, 'rel_cont': np.float64(-0.002126052100623642), 'rel_grid': np.float64(0.006757830120088304), 'conv_value': 0.0696872975727647, 'support': '-0.12 -0.10', 'n_support': 2}
{'dataset': 'fing_x_fing', 'seed': 3, 'matcher': 'ri_V', 'opt_N2': np.float64(0.0363348375979643), 'mono_grid': 0.04222474607039408, 'mono_cont': 0.0358904588992053, 'rel_cont': np.float64(-0.01223010003996534), 'rel_grid': np.float64(0.1621008613716708), 'conv_value': 0.03633483759796485, 'support': '-0.12 -0.10', 'n_support': 2}
{'dataset': 'fing_x_fing', 'seed': 4, 'matcher': 'li_V', 'opt_N2': np.float64(0.0684729474739059), 'mono_grid': 0.07038516250109862, 'mono_cont': 0.06766722691090409, 'rel_cont': np.float64(-0.011766991092487593), 'rel_grid': np.float64(0.02792657681227223), 'conv_value': 0.06847294747390853, 'support': '-0.12 -0.10', 'n_support': 2}
{'dataset': 'fing_x_fing', 'seed': 4, 'matcher': 'ri_V', 'opt_N2': np.float64(0.0296098405944531), 'mono_grid': 0.03183123498325183, 'mono_cont': 0.02921252907995612, 'rel_cont': np.float64(-0.01341822537779586), 'rel_grid': np.float64(0.075022166421756), 'conv_value': 0.029609840594453818, 'support': '-0.12 -0.10', 'n_support': 2}
{'dataset': 'face_x_face', 'seed': 0, 'matcher': 'face_C', 'opt_N2': np.float64(0.2459435376494551), 'mono_grid': 0.2562228288063456, 'mono_cont': 0.24348711033648138, 'rel_cont': np.float64(-0.009987769292295353), 'rel_grid': np.float64(0.04179532934726533), 'conv_value': 0.2459435376494774, 'support': '-0.16 -0.14', 'n_support': 2}
{'dataset': 'face_x_face', 'seed': 0, 'matcher': 'face_G', 'opt_N2': np.float64(0.4136771106104434), 'mono_grid': 0.4158475919451115, 'mono_cont': 0.4136544434003477, 'rel_cont': np.float64(-5.479445082723075e-05), 'rel_grid': np.float64(0.0052468006544168075), 'conv_value': 0.4136771106105961, 'support': '-0.22 -0.20', 'n_support': 2}
{'dataset': 'face_x_face', 'seed': 1, 'matcher': 'face_C', 'opt_N2': np.float64(0.2512083741810086), 'mono_grid': 0.25152678763697545, 'mono_cont': 0.2500260258407411, 'rel_cont': np.float64(-0.004706643813615835), 'rel_grid': np.float64(0.0012675272351287297), 'conv_value': 0.2512083741806652, 'support': '-0.16 -0.14', 'n_support': 2}
{'dataset': 'face_x_face', 'seed': 1, 'matcher': 'face_G', 'opt_N2': np.float64(0.3606417487594168), 'mono_grid': 0.363228685869935, 'mono_cont': 0.35835030363734977, 'rel_cont': np.float64(-0.00635379883208043), 'rel_grid': np.float64(0.007173149307913201), 'conv_value': 0.36064174875857624, 'support': '-0.18 -0.16', 'n_support': 2}
{'dataset': 'face_x_face', 'seed': 2, 'matcher': 'face_C', 'opt_N2': np.float64(0.3022638697585164), 'mono_grid': 0.30751678647112085, 'mono_cont': 0.3006936937235098, 'rel_cont': np.float64(-0.00519471955500678), 'rel_grid': np.float64(0.01737857957287821), 'conv_value': 0.30226386975826003, 'support': '-0.16 -0.14', 'n_support': 2}
{'dataset': 'face_x_face', 'seed': 2, 'matcher': 'face_G', 'opt_N2': np.float64(0.2412540807840713), 'mono_grid': 0.29459367774020334, 'mono_cont': 0.24027089390149348, 'rel_cont': np.float64(-0.0040753171071033255), 'rel_grid': np.float64(0.22109303512205616), 'conv_value': 0.24125408078408483, 'support': '-0.20 -0.18', 'n_support': 2}
{'dataset': 'face_x_face', 'seed': 3, 'matcher': 'face_C', 'opt_N2': np.float64(0.294739593383618), 'mono_grid': 0.2969623677509623, 'mono_cont': 0.2925424142327603, 'rel_cont': np.float64(-0.007454645389287664), 'rel_grid': np.float64(0.007541485491741366), 'conv_value': 0.29473959338377753, 'support': '-0.16 -0.14', 'n_support': 2}
{'dataset': 'face_x_face', 'seed': 3, 'matcher': 'face_G', 'opt_N2': np.float64(0.4031119220741004), 'mono_grid': 0.4223635186134676, 'mono_cont': 0.3995760537763659, 'rel_cont': np.float64(-0.008771430722122216), 'rel_grid': np.float64(0.047757447709096415), 'conv_value': 0.40311192207403934, 'support': '-0.16 -0.14', 'n_support': 2}
{'dataset': 'face_x_face', 'seed': 4, 'matcher': 'face_C', 'opt_N2': np.float64(0.2449402160118205), 'mono_grid': 0.25307797903311485, 'mono_cont': 0.2428686030881457, 'rel_cont': np.float64(-0.008457626752377937), 'rel_grid': np.float64(0.03322346633719646), 'conv_value': 0.24494021601156568, 'support': '-0.16 -0.14', 'n_support': 2}
{'dataset': 'face_x_face', 'seed': 4, 'matcher': 'face_G', 'opt_N2': np.float64(0.2590836293272942), 'mono_grid': 0.42426155535887367, 'mono_cont': 0.2761226992409259, 'rel_cont': np.float64(0.06576667911389605), 'rel_grid': np.float64(0.6375467506783848), 'conv_value': 0.25841498250569117, 'support': '-0.64 -0.18 -0.16', 'n_support': 3}
        rel_cont      rel_grid  n_support
count  40.000000  4.000000e+01  40.000000
mean    0.002707  6.188535e-02   1.950000
std     0.039273  1.212831e-01   0.316228
min    -0.013715 -5.686524e-16   1.000000
25%    -0.006629  3.838584e-03   2.000000
50%    -0.003895  1.262697e-02   2.000000
75%    -0.001745  5.790368e-02   2.000000
max     0.233689  6.375468e-01   3.000000
