LR-P1-N2 face_C 7.83881935201811 7.838819352018069 2.454509320310488e-15
LR-P1-N2 face_G 105.80671046095961 105.8067105304386 2.750163239230132e-10
LR-P1-N2 li_V 0.020097544892411626 0.019737863887812172 0.0070703576647624874
LR-P1-N2 ri_V 0.013743748818789134 0.013743748818788478 4.610040335715555e-14
LR-P1-N3 face_C 7.934065779462477 7.934065779461054 1.5136703474952187e-13
LR-P1-N3 face_G 105.80671266219558 105.8067105304386 8.438063642788915e-09
LR-P1-N3 li_V 0.019459459588059256 0.0191723810808181 0.01209256504531131
LR-P1-N3 ri_V 0.013743748818788487 0.013743748818788478 6.1467204476210185e-16
LR-P2-N2 face_C 8.799400557686665 8.799400554693758 1.1823083359542688e-09
LR-P2-N2 face_G 271.607753769296 271.60775376929536 1.3129959853707612e-15
LR-P2-N2 li_V 0.023519930106321765 0.023519930106321717 3.413901457532241e-16
LR-P2-N2 ri_V 0.014034825399702248 0.014034825399702187 1.3669526147312426e-15
LR-P1-N2-rel face_C 17.263547130929737 17.263547130929748 2.3177128048440614e-16
LR-P1-N2-rel face_G 20.49492786711017 20.494927867110185 3.1377311179256823e-16
LR-P1-N2-rel li_V 2.260895014887764 2.260895014887766 2.43884247559673e-16
LR-P1-N2-rel ri_V 0.18165018539924413 0.18165017834110647 1.2494961825932605e-08
LR-P2-N2-rel face_C 48.87126356333249 48.87126356333268 2.4188302425342017e-15
LR-P2-N2-rel face_G 26.46212026198084 26.46212026198083 7.85060739220977e-16
LR-P2-N2-rel li_V 37.83546919629731 37.83546919629727 6.455226000834838e-16
LR-P2-N2-rel ri_V 0.4289194955446866 0.42891949554468667 2.8951174207359517e-16
