LR-P1-N2 face_C 15.226156214167073 15.226156149654273 1.919268293601844e-09
LR-P1-N2 face_G 144.4736483057676 144.47364830577126 1.1357111077725396e-14
LR-P1-N2 li_V 0.024912812935655546 0.024912812935655573 1.5079439537054253e-15
LR-P1-N2 ri_V 0.007458389416727505 0.007458389416727515 3.52345971521801e-16
LR-P1-N3 face_C 15.226155716038608 15.226156149654273 1.2900149327870667e-08
LR-P1-N3 face_G 144.4736483057676 144.47364830577126 1.1357111077725396e-14
LR-P1-N3 li_V 0.02491281293565552 0.024912812935655573 3.2558240432190865e-09
LR-P1-N3 ri_V 0.007458389416727504 0.007458389416727515 4.730377172285888e-16
LR-P2-N2 face_C 36.89762913975048 36.89762913975035 1.793176726974134e-15
LR-P2-N2 face_G 358.64517111871646 358.6451711187194 4.081974133395237e-15
LR-P2-N2 li_V 0.024913694805351955 0.024913694805351917 9.2122873688072e-16
LR-P2-N2 ri_V 0.008968748295093842 0.00896874829509374 5.2249269900192885e-15
LR-P1-N2-rel face_C 6.771779535940105 6.771779535940108 2.939542118390961e-16
LR-P1-N2-rel face_G 18.002054596944383 18.194248779808024 0.05960847324812979
LR-P1-N2-rel li_V 0.14120099873518865 0.1412029839109956 3.5706356516200044e-06
LR-P1-N2-rel ri_V 0.04237687797986677 0.04226428583729253 0.0005728366542048395
LR-P2-N2-rel face_C 9.526173484847336 9.52617348484733 3.3813752662670944e-16
LR-P2-N2-rel face_G 25.093133348345567 25.093133348345596 1.3007731608100437e-15
LR-P2-N2-rel li_V 0.20612800193589395 0.20612800193589384 2.1241506906462505e-16
LR-P2-N2-rel ri_V 0.27813012549012417 0.27813012549012306 1.3090826799209945e-15
