LR-P1-N2 face_C 7.173974256192716 7.173974256192716 2.2014645261495433e-16
LR-P1-N2 face_G 117.81842441175634 117.81842441175678 2.009415939172556e-15
LR-P1-N2 li_V 0.0142621655737418 0.014262165573741794 1.0526599567149065e-14
LR-P1-N2 ri_V 0.014438553364656478 0.014438553364615707 3.3754174730926784e-13
LR-P1-N3 face_C 6.85365094104058 6.848969074769475 0.003053273113894177
LR-P1-N3 face_G 117.81842441175712 117.81842441175678 1.6036164250399855e-15
LR-P1-N3 li_V 0.014262165573741773 0.014262165573741794 1.1744382654330558e-13
LR-P1-N3 ri_V 0.014438553364645668 0.014438553364615707 6.048334128324266e-12
LR-P2-N2 face_C 32.784172217596165 32.784172218000755 4.558363361123785e-12
LR-P2-N2 face_G 205.68950901684045 205.68950901684065 6.257065643412164e-16
LR-P2-N2 li_V 0.022473056881953706 0.02247305688195399 1.751853580213852e-15
LR-P2-N2 ri_V 0.016142248984133165 0.01614224898413303 1.8965761879293995e-15
LR-P1-N2-rel face_C 8.921892282413587 8.921892282413594 4.221378634309642e-16
LR-P1-N2-rel face_G 14.704423992262438 14.678212686188505 0.0016737728279930867
LR-P1-N2-rel li_V 1.2687685333419638 1.2687685333419652 4.1851630253707224e-16
LR-P1-N2-rel ri_V 0.09753670726850523 0.0983703881867373 0.0019103844247781191
LR-P2-N2-rel face_C 19.65507620637676 19.65507620637677 3.558973231416917e-16
LR-P2-N2-rel face_G 14.975917014444363 14.975917014444365 1.628966076527124e-15
LR-P2-N2-rel li_V 34.03984118842885 34.03984118842857 4.1319848296994105e-15
LR-P2-N2-rel ri_V 1.099428491065838 1.0994284910658478 3.3969973393990724e-15
