LR-P1-N2 face_C 7.40619718540983 7.406197175855903 4.834407591726949e-10
LR-P1-N2 face_G 43.57159750415815 43.57159750415735 6.1547464282061215e-15
LR-P1-N2 li_V 0.016661737483140038 0.016661737483140076 1.0319435620336374e-15
LR-P1-N2 ri_V 0.007768395093111849 0.007768395093111765 1.7189100470260892e-14
LR-P1-N3 face_C 7.406197172154682 7.406197175855903 1.8728618756612857e-10
LR-P1-N3 face_G 43.57159750415725 43.57159750415735 9.474959332617882e-16
LR-P1-N3 li_V 0.016661737483140038 0.016661737483140076 4.4193306660561766e-16
LR-P1-N3 ri_V 0.007768395093111855 0.007768395093111765 1.922573721491097e-14
LR-P2-N2 face_C 22.389899367135214 22.389899367135357 2.6162416038453346e-15
LR-P2-N2 face_G 119.96454088109583 119.96454088109626 1.5128106055614908e-15
LR-P2-N2 li_V 0.017023389405315992 0.017023389405316083 4.963871847331024e-15
LR-P2-N2 ri_V 0.007700307477625315 0.0077003074776253125 1.1477371632071727e-15
LR-P1-N2-rel face_C 1.6851168722249232 1.6851168722249243 2.277379247836651e-16
LR-P1-N2-rel face_G 8.065656594167187 8.065656594167201 1.3339724868712372e-15
LR-P1-N2-rel li_V 1.3836357531624706 1.383635753162472 3.979501792785086e-16
LR-P1-N2-rel ri_V 0.05660671961877479 0.04958840914434208 0.03229913509591465
LR-P2-N2-rel face_C 4.617421189804524 4.617421189804527 4.4282932667872225e-16
LR-P2-N2-rel face_G 10.123947107530817 10.123947107530824 4.4395315721903814e-16
LR-P2-N2-rel li_V 14.962129600899482 14.962129600899514 1.0168592189849185e-15
LR-P2-N2-rel ri_V 0.240064203875864 0.24006420387586452 8.1845358610649305e-16
