LR-P1-N2 face_C 5.7014559409216155 5.701455940921564 3.5260232509218394e-15
LR-P1-N2 face_G 102.00878386620273 102.00878386619979 1.1463567417094587e-14
LR-P1-N2 li_V 0.020193474230101427 0.02019347423010127 4.579373744487526e-15
LR-P1-N2 ri_V 0.008137503291592737 0.008137503291592487 1.3213179116058035e-14
LR-P1-N3 face_C 5.70145594092156 5.701455940921564 4.4395073071075245e-16
LR-P1-N3 face_G 102.00878386619988 102.00878386619979 6.440514706552059e-16
LR-P1-N3 li_V 0.019512697340113527 0.01944972572992218 0.0029102828416617097
LR-P1-N3 ri_V 0.008137503291592508 0.008137503291592487 7.444044572427155e-16
LR-P2-N2 face_C 8.500260075569477 8.500260075569471 4.783887389982174e-16
LR-P2-N2 face_G 228.36973617898963 228.36973617898914 1.0851673445762276e-15
LR-P2-N2 li_V 0.04001052282676717 0.04001052282676715 2.5725165720050135e-16
LR-P2-N2 ri_V 0.009110220761323663 0.009110220761323605 2.4900655525702002e-15
LR-P1-N2-rel face_C 7.3069837557340405 7.306975659138573 9.071926742058485e-07
LR-P1-N2-rel face_G 23.491474457340487 23.023497688992506 0.03944464528381791
LR-P1-N2-rel li_V 0.5770028598160989 0.5770028598158472 1.202872716501318e-13
LR-P1-N2-rel ri_V 0.05020537818013956 0.05020537818013919 1.682550789080659e-15
LR-P2-N2-rel face_C 18.554213772158967 18.55421377215898 5.999238335051948e-16
LR-P2-N2-rel face_G 35.35623324730444 35.35623324730439 9.804826140402375e-16
LR-P2-N2-rel li_V 71.1149521702042 71.11495217020487 4.645732895536113e-15
LR-P2-N2-rel ri_V 0.32350029550866627 0.3235002955086671 8.567035381149539e-16
