LR-P1-N2 face_C 3.6869354261192657 3.6875478263741193 0.007478320816515763
LR-P1-N2 face_G 128.71128281016436 128.71128281016408 1.2528018219418717e-15
LR-P1-N2 li_V 0.025187794133823608 0.02518779413382067 2.3845717882912226e-13
LR-P1-N2 ri_V 0.013004700794402654 0.013004700794402755 3.7593845268282364e-14
LR-P1-N3 face_C 3.734971211384874 3.7541532623534533 0.0019801746728559887
LR-P1-N3 face_G 128.71128281016394 128.71128281016408 8.344854730097253e-16
LR-P1-N3 li_V 0.025187794133820638 0.02518779413382067 1.966202971262801e-15
LR-P1-N3 ri_V 0.013004700794401351 0.013004700794402755 5.134173587902468e-13
LR-P2-N2 face_C 13.888008803966866 13.888008803966795 2.1825345511225747e-15
LR-P2-N2 face_G 194.62314071325844 194.62314071325852 3.4967109992492664e-16
LR-P2-N2 li_V 0.028634745470664254 0.028634745470664504 1.340606959410921e-15
LR-P2-N2 ri_V 0.021368342587157824 0.021368342587157783 7.141254707315548e-16
LR-P1-N2-rel face_C 5.295365657091711 5.7402364468394005 0.04491330351067071
LR-P1-N2-rel face_G 16.22461395621079 16.278155247053043 0.016200893240917294
LR-P1-N2-rel li_V 1.3148027723218536 1.352279459361121 0.0104219996308808
LR-P1-N2-rel ri_V 0.09818916151282649 0.09818916151282658 3.3908468829164063e-16
LR-P2-N2-rel face_C 22.57403217971211 22.57403217971211 4.2611988212803037e-16
LR-P2-N2-rel face_G 16.888113789525264 16.888113789525264 5.260182431808532e-16
LR-P2-N2-rel li_V 8.133428336068292 8.133428336068285 4.1868665457558767e-16
LR-P2-N2-rel ri_V 0.9819713861582731 0.9819713861582722 4.706144924835329e-16
