LR-P1-N2 face_C 16.436018478941293 16.43601847851631 1.1215139725789866e-11
LR-P1-N2 face_G 133.18774148245387 133.1877415641403 2.7223419937187347e-10
LR-P1-N2 li_V 0.018975511976049853 0.018975511976049894 4.654058257664316e-16
LR-P1-N2 ri_V 0.011677475887814858 0.01167747588815212 1.5519448229826075e-10
LR-P1-N3 face_C 16.43617438253078 16.471834113798156 0.0033582096686923307
LR-P1-N3 face_G 133.18774157954064 133.1877415641403 5.1324452470313546e-11
LR-P1-N3 li_V 0.018975511976049853 0.018975511976049894 4.654058257664316e-16
LR-P1-N3 ri_V 0.011677475888152107 0.01167747588815212 7.913405884354086e-15
LR-P2-N2 face_C 49.236216431991174 49.23621643199196 6.89768218206706e-15
LR-P2-N2 face_G 338.16502988620095 338.1650298862024 2.29907956476752e-15
LR-P2-N2 li_V 0.02542026130391659 0.025420261303916655 1.274418009106507e-15
LR-P2-N2 ri_V 0.014843234602084959 0.014843234602084737 5.25089178161886e-15
LR-P1-N2-rel face_C 13.306088765410461 13.306088765411564 4.9006484942011655e-14
LR-P1-N2-rel face_G 19.04647225065878 19.230952977826963 0.027030550435153025
LR-P1-N2-rel li_V 0.21108560746676389 0.2110886482172709 3.6831242660937683e-06
LR-P1-N2-rel ri_V 0.12014059549979578 0.11896412492539342 0.0025701084799438748
LR-P2-N2-rel face_C 25.938790483623126 25.9387904836234 4.0084472167116e-15
LR-P2-N2-rel face_G 25.83601319401513 25.836013194015127 7.302721772371413e-16
LR-P2-N2-rel li_V 1.0030698587720137 1.0030698587720193 1.8209318656417942e-15
LR-P2-N2-rel ri_V 1.679148808309036 1.6791488083090713 8.663981529811073e-15
