LR-P1-N2 face_C 8.938685794635642 8.938685794636537 4.1686593582585515e-14
LR-P1-N2 face_G 64.5393231659573 64.53932316622755 1.5667201387187532e-12
LR-P1-N2 li_V 0.039803450037614894 0.03980345003761494 2.292624165706681e-16
LR-P1-N2 ri_V 0.016650844842187512 0.0166508448421875 4.5548945954251496e-15
LR-P1-N3 face_C 8.93868579405922 8.938685794636537 2.674588268434364e-11
LR-P1-N3 face_G 64.53932316622759 64.53932316622755 4.953715971008153e-16
LR-P1-N3 li_V 0.039803450037614894 0.03980345003761494 2.292624165706681e-16
LR-P1-N3 ri_V 0.016650844842187488 0.0166508448421875 4.1871138369445015e-15
LR-P2-N2 face_C 13.202214170819154 13.202214170819154 2.2922302434055843e-16
LR-P2-N2 face_G 143.2007918705984 143.20079187059855 6.469760517747227e-16
LR-P2-N2 li_V 0.04014663042682938 0.0401466304268292 1.1017758662296354e-15
LR-P2-N2 ri_V 0.036163004625556806 0.03616300462555676 6.018352004078921e-16
LR-P1-N2-rel face_C 3.8562639221859336 3.8009189680607567 0.02323268099438474
LR-P1-N2-rel face_G 11.276194584126454 11.276194584159548 2.810114035398637e-12
LR-P1-N2-rel li_V 0.21594648222649684 0.2159464822263696 1.4008294664524168e-13
LR-P1-N2-rel ri_V 0.06772809430519683 0.06772809430524988 1.6765745650253958e-13
LR-P2-N2-rel face_C 5.035631950654038 5.0356319506540395 4.3325457861035274e-16
LR-P2-N2-rel face_G 9.162344902095914 9.162344902095928 3.0781650918379475e-15
LR-P2-N2-rel li_V 0.8445963245348389 0.8445963245348393 2.8237871895113512e-16
LR-P2-N2-rel ri_V 0.15281357115657207 0.15281357115657163 8.156239544421086e-16
