LR-P1-N2 face_C 16.712007262322352 16.712007262322544 5.49693551070026e-15
LR-P1-N2 face_G 107.24614227279054 107.24614227279056 4.977433465229024e-16
LR-P1-N2 li_V 0.013934567476409405 0.013934567476409391 4.59588764676071e-16
LR-P1-N2 ri_V 0.013215328243169084 0.01321532824316909 6.799115622431355e-16
LR-P1-N3 face_C 16.7120072623217 16.712007262322544 2.2927803596137782e-14
LR-P1-N3 face_G 107.24614227279054 107.24614227279056 4.977433465229024e-16
LR-P1-N3 li_V 0.013934567476409395 0.013934567476409391 3.2931419708792786e-16
LR-P1-N3 ri_V 0.013215328243169075 0.01321532824316909 6.799115622431355e-16
LR-P2-N2 face_C 22.909364201151885 22.90941424150644 0.0016908896028730862
LR-P2-N2 face_G 161.76083195002062 161.76083195002064 3.674432791056916e-16
LR-P2-N2 li_V 0.01675038212877 0.016750382128770062 1.9253994344655252e-15
LR-P2-N2 ri_V 0.01369836526332589 0.013698365263325959 3.1353388192480866e-15
LR-P1-N2-rel face_C 4.526027288827946 4.5260272495516425 7.675702146913447e-09
LR-P1-N2-rel face_G 21.460809858324396 21.764691167828786 0.04584147691134454
LR-P1-N2-rel li_V 0.05785891451831558 0.05785891451844423 3.542888510802342e-13
LR-P1-N2-rel ri_V 0.16720380565583778 0.1672038065049238 1.4505260688412281e-09
LR-P2-N2-rel face_C 8.661429441175105 8.661429441175102 3.762522928308667e-16
LR-P2-N2-rel face_G 28.26680583938977 28.266805839389892 2.9037900461012256e-15
LR-P2-N2-rel li_V 0.827979897999209 0.8279798979992129 1.5011328835251558e-15
LR-P2-N2-rel ri_V 0.5789469555970347 0.5789469555970351 3.535902618302836e-16
