LR-P1-N2 face_C 9.704681130779953 9.704681130779928 1.0838467212467415e-15
LR-P1-N2 face_G 144.62726636198977 144.62726853570234 6.5525249780083355e-09
LR-P1-N2 li_V 0.018274722364341522 0.0181793603175812 0.005293480643867155
LR-P1-N2 ri_V 0.007623068483821594 0.007623068483821613 4.813039556268763e-16
LR-P1-N3 face_C 9.704681130779928 9.704681130779928 5.014013023267514e-16
LR-P1-N3 face_G 144.6272685356853 144.62726853570234 5.154290439692778e-14
LR-P1-N3 li_V 0.01818054935523659 0.018164428142823312 0.008453964453217291
LR-P1-N3 ri_V 0.007289290659213282 0.00724153248239353 0.003196590453048818
LR-P2-N2 face_C 34.331007499628555 34.33100749962851 8.571378770247795e-16
LR-P2-N2 face_G 323.57535191854316 323.5753519185444 1.9796929757669936e-15
LR-P2-N2 li_V 0.01976285021485042 0.019762850214850407 2.9117266631431245e-16
LR-P2-N2 ri_V 0.008452149411167885 0.00845214941116788 2.5280958917469943e-16
LR-P1-N2-rel face_C 2.60787228110408 2.5963567960341787 0.002807942505631807
LR-P1-N2-rel face_G 17.876520574955528 17.85256979473393 0.0016377615718294882
LR-P1-N2-rel li_V 0.08409465976131687 0.08410813051073396 3.2612686867991296e-05
LR-P1-N2-rel ri_V 0.37333851668980067 0.3733385167013 1.0969213832946132e-11
LR-P2-N2-rel face_C 5.975461159825754 5.9754611598257625 6.200308031123709e-16
LR-P2-N2-rel face_G 27.523038228710014 27.523038228710025 7.43455853676853e-16
LR-P2-N2-rel li_V 0.7380240137700996 0.7380240137701005 4.929206033020887e-16
LR-P2-N2-rel ri_V 1.3694347813239238 1.3694347813239236 3.217977937889388e-16
