fing_x_face 0
fing_x_face 1
fing_x_face 2
fing_x_face 3
fing_x_face 4
fing_x_face 5
fing_x_face 6
fing_x_face 7
fing_x_face 8
fing_x_face 9
lfw_x_fing 0
lfw_x_fing 1
lfw_x_fing 2
lfw_x_fing 3
lfw_x_fing 4
lfw_x_fing 5
lfw_x_fing 6
lfw_x_fing 7
lfw_x_fing 8
lfw_x_fing 9
        dataset        method  strength_0_worst  strength_0.25_worst  strength_0.5_worst  strength_0.75_worst  strength_1_worst  shift_0.5_worst  shift_1_worst  pad_0.2_worst  pad_0.05_worst  frr_test  frr_test_pad  acq_gen  acq_imp
0   face_x_face      LR-P1-N2             0.001                0.011               0.236                0.628             0.835            0.954          0.992          0.167           0.042     0.165         0.173    1.000    1.000
1   face_x_face   P0-Parallel             0.001                0.015               0.171                0.628             0.845            0.941          0.972          0.169           0.042     0.155         0.164    1.000    1.000
2   face_x_face        P1-LLR             0.001                0.018               0.185                0.636             0.853            0.958          0.991          0.171           0.043     0.147         0.156    1.000    1.000
3   face_x_face     P2-LogReg             0.001                0.014               0.199                0.645             0.841            0.942          0.979          0.168           0.042     0.159         0.167    1.000    1.000
4   face_x_face  S1-Marcialis             0.001                0.013               0.287                0.657             0.811            0.941          0.988          0.162           0.041     0.189         0.197    1.000    1.000
5   face_x_face  S2-Symmetric             0.001                0.013               0.287                0.657             0.811            0.941          0.988          0.162           0.041     0.189         0.197    1.000    1.000
6   face_x_face       S3-SPRT             0.001                0.019               0.224                0.646             0.856            0.962          0.993          0.171           0.043     0.144         0.153    1.000    1.000
7   face_x_face     S4-Direct             0.001                0.015               0.244                0.637             0.837            0.951          0.990          0.167           0.042     0.163         0.172    1.000    1.000
8   fing_x_face      LR-P1-N2             0.001                0.385               0.688                0.799             0.856            0.980          0.998          0.171           0.043     0.012         0.023    1.163    2.473
9   fing_x_face   P0-Parallel             0.000                0.218               0.586                0.746             0.821            0.951          0.998          0.161           0.040     0.023         0.052    3.000    3.000
10  fing_x_face        P1-LLR             0.001                0.159               0.447                0.586             0.807            0.928          0.981          0.158           0.040     0.002         0.032    3.000    3.000
11  fing_x_face     P2-LogReg             0.000                0.148               0.465                0.650             0.796            0.925          0.982          0.156           0.039     0.012         0.041    3.000    3.000
12  fing_x_face  S1-Marcialis             0.001                0.204               0.471                0.610             0.762            0.876          0.943          0.151           0.038     0.014         0.027    1.363    2.532
13  fing_x_face  S2-Symmetric             0.001                0.204               0.471                0.610             0.762            0.877          0.944          0.151           0.038     0.014         0.027    1.361    2.531
14  fing_x_face       S3-SPRT             0.001                0.192               0.445                0.587             0.768            0.895          0.947          0.152           0.038     0.009         0.021    1.260    1.924
15  fing_x_face     S4-Direct             0.001                0.244               0.519                0.631             0.741            0.871          0.934          0.148           0.037     0.016         0.029    1.329    2.196
16   lfw_x_fing      LR-P1-N2             0.001                0.197               0.535                0.924             0.963            0.970          0.973          0.193           0.048     0.002         0.013    1.033    1.980
17   lfw_x_fing   P0-Parallel             0.001                0.275               0.618                0.751             0.816            0.973          1.000          0.160           0.040     0.017         0.046    3.000    3.000
18   lfw_x_fing        P1-LLR             0.001                0.246               0.596                0.888             0.975            0.988          1.000          0.191           0.048     0.001         0.030    3.000    3.000
19   lfw_x_fing     P2-LogReg             0.001                0.128               0.544                0.911             0.979            0.990          0.997          0.192           0.048     0.001         0.031    3.000    3.000
20   lfw_x_fing  S1-Marcialis             0.001                0.116               0.550                0.871             0.899            0.908          0.981          0.176           0.044     0.001         0.016    1.450    2.767
21   lfw_x_fing  S2-Symmetric             0.001                0.116               0.550                0.871             0.899            0.908          0.981          0.176           0.044     0.001         0.016    1.450    2.767
22   lfw_x_fing       S3-SPRT             0.001                0.209               0.497                0.894             0.956            0.978          0.989          0.189           0.047     0.002         0.014    1.273    1.939
23   lfw_x_fing     S4-Direct             0.001                0.200               0.465                0.885             0.960            0.971          0.975          0.191           0.048     0.002         0.013    1.097    2.121
